{
  "status": "FAILED",
  "phase": "30–60m Life Agent playtest",
  "runId": "20261007T091332Z-pid997",
  "mode": "life",
  "durationMinimumSeconds": 1800,
  "durationTargetSeconds": 1800,
  "producer": "phase5-life-browser-qa",
  "harnessAuthor": {
    "requestedAgent": "g6_luna_med_phase5_browser_qa_engineer",
    "requestedModel": "GPT-6 Luna",
    "requestedEffort": "medium",
    "backendRuntimeVerified": false
  },
  "runnerExecution": {
    "requestedModel": "gpt-6-luna",
    "requestedEffort": "low",
    "backendRuntimeVerified": false,
    "providedBy": "explicit launcher arguments"
  },
  "policyExecution": {
    "controller": "deterministic runner-driven policy",
    "modelInference": "none",
    "adaptationInputs": "visible UI plan and read-only current-state telemetry"
  },
  "sourceBefore": {
    "head": "f9f969c9d3dfa3cbf1c379bec98eafab765b11cc",
    "sourceSha256": {
      "src/App.vue": "6a4cb4bd521c671a5428eae511b1c10270bf1a74355a0cd3dd42cb0cafef1972",
      "src/components/AdventureWindow.vue": "eb6167f033c2c871d0719fb3742319df591feace02bffabe8af5a4802ebfc087",
      "src/components/CharacterSheet.vue": "0905f39da0b3ba52ed2c8c4c852ce08bc96a5e80d925cb64bb1f3dcb5b0d0dbd",
      "src/components/IdentityWindow.vue": "982afc32143581311c9a014236e3e2a75e1a40b8f04f8fe97796c542966f7f06",
      "src/components/InventoryWindow.vue": "12794d34b5d7df1902804f36698c26d58f0c46e3ec8f8bcd4519b075d2ad4609",
      "src/components/LifeNewsWindow.vue": "deeade4eb492f3ac846d5de7755254f6dea86687f136426c888f14b4379bd322",
      "src/components/NpcWindow.vue": "0e930a8dfeec0f4db6cdad0adace75825baa8cc40e09307e1e55c7085cde4cd7",
      "src/components/PixelMeter.vue": "77b69a1b161f6ad7e29a346665a69645a3d8589281e8bc32832f149e41d81ca9",
      "src/components/PixelWindow.vue": "15397996c0984586bd95e6383c647fba88dbb77ec0a9f01e78dc723821e61da4",
      "src/components/PlaceWindow.vue": "815c541a39d79de566e06d4f733d1b138df36c0ba158318e030a6e9ecc82a7d5",
      "src/components/PropertyWindow.vue": "9bd6f8d2a5b00435b6e86c149bf6a7d4bf5343ed2be26e2416772a3aaf0c27d1",
      "src/components/StatusNotice.vue": "6c722ade5aa61f45e5fb2c77c8a8dc15e701173484f3871f7365d7cf9500f6a9",
      "src/components/WorldMap.vue": "37de32ea49da36d4e74c9ced377adbe280fa45cb60fdf69d8a5c39a260719a5f",
      "src/components/WorldRecords.vue": "424365a02880ce6767ffc9e9769e5a0f61905c0fc046753d8fc80f5bfadaaed8",
      "src/data/config.ts": "3e6295be41dbc66f092133f75b6c0dc7a5181cdfbb94de7cf8e908d09fdf7bd7",
      "src/data/crafting.ts": "a6946d02a5783c52e672bc25abc33202830f98983488e7f0df2ee1984d7c86f9",
      "src/data/identity.ts": "0acc09bbd1f9d9c4e057b2bdca01fa202730e868325cb873286c5c31a809dae0",
      "src/data/lifeRules.ts": "07b9ab1836c6d96077a4a6aaedd7f5d7abec6f1b5132bc5203da1d1e9291e1b3",
      "src/data/livingEvents.ts": "768aaee2a9d1e8b9919163059d36a494f5071bf7a0568bfe7b0c80f735d03bc1",
      "src/data/npcLife.ts": "5089f01033570e33528b63538a06a3f0645735b8c8c884d8f2c54a900a937b4f",
      "src/data/ownership.ts": "32b4133d753764952905da43276cd1cd56ea26f32e44b4b540225dc8f59140f2",
      "src/data/rewards.ts": "f2d60b4eb0c7d3349e242b6c2a81853e92cf5b74e25e1be071cf839fd6c98cd5",
      "src/domain/life.ts": "db2eff0c1eb6d3ae310f39d8df5a6bf40b125193741a25b9bbe652c4640de72a",
      "src/domain/reward.ts": "fb7463d0327e73097979d5ccd6823b10b0f0d9d14280974215ba6459eb899c0a",
      "src/domain/types.ts": "7a06eb4f36d44561a3b13a0729800b1776583bc555680814931b59f6cb775400",
      "src/engine/actions.test.ts": "81b2f116cb18daf5525fd79a2246863bc3e4e36214f9caac466e4f820d9e37ba",
      "src/engine/actions.ts": "96146f525b5f87cc1ecd394594c46fbf7da2a76c265d3344e17f6feec3e6e100",
      "src/engine/calendar.ts": "e587ce1d1e149fea987f5a3ab6013872528d5d74beafcb0f40d2fe476abf5524",
      "src/engine/combatStats.test.ts": "896b7517b4a2bcb4671b4d17188f0823edfe290e3826fc21f3bc94fe0f062bea",
      "src/engine/combatStats.ts": "d7235e4c59edc77aec368f940e8825712672cc3fcd49e83c7c901c5f049db34f",
      "src/engine/crafting.test.ts": "240458a3586c98449282e388709af4b230d1301330f31c76dd53289d1875126c",
      "src/engine/crafting.ts": "d5abd71325252cfad846680cbdd3d844b78ab326bffea14e3314f618737a3491",
      "src/engine/events.ts": "e2b781ad3f99cfc2b20f58ce561b2bf9c489c417512f4c7b209e02e3d5d2a1b1",
      "src/engine/gameLoop.test.ts": "96c76b875cedace6ab191a95e0b01285a024723691c1ebaca3ae76407492258d",
      "src/engine/gameLoop.ts": "016305d39fe6746347f783723e0f6e6d53f387766d3ca899816d618e9ab2d941",
      "src/engine/gearStats.ts": "66fa786c0c3e81cc317033181a0f11d9ef987c15f943e0960ec20a668eff0702",
      "src/engine/identity.test.ts": "5dc96ec9abf767c0e9202429cabebedefeb3bc0237ebe519c4d9feeccda2a07f",
      "src/engine/identity.ts": "2d7596a712c16940a590bdf47edd288fc965f429304889e0be3b09969d61119e",
      "src/engine/itemGeneration.test.ts": "2b09ecb49724820a5187a26099f654a00b0457a0d0f8e50609562ff26f5d39e2",
      "src/engine/itemGeneration.ts": "87be6646c4aa67a8d6443586373e848d0d8ffabad72b9752825224cb170fff71",
      "src/engine/lifeIntegration.test.ts": "c9e702a8819e0d372aff7411f45a85ebc1e829dfc6f1e753b728863a21f56a16",
      "src/engine/lifeState.ts": "bd7697bcb564061cd00ff7fc14373625c30d2a7de06473b8f97bffb4c61b3c58",
      "src/engine/livingEvents.test.ts": "cfbb5b99724fe0de53428c80378249b1063084f2dee6f9d85652b950979c10c0",
      "src/engine/livingEvents.ts": "afd535e634752a328d7ae3e0daa3d93cf07c4f7c2473705ed64d3058f02867f4",
      "src/engine/lod.ts": "325c339270bc38b55bf9e5185f9f502e3934a1055ece7f1b67fb448743fe5df4",
      "src/engine/npcLife.test.ts": "8bbe40ae3b0a87926c7d65a53d079931b59bdd26ac8489148518c188a466a9dc",
      "src/engine/npcLife.ts": "7f2fe08b29c5ee145a06c3623b19b663fcd7251bdfa5c3a7bfe19bc393bf5c28",
      "src/engine/ownership.test.ts": "b339812b317032d3cf497e53c139c6397cc829ad5f5d50859897306acb2de725",
      "src/engine/ownership.ts": "fef2361be0a18221e7d50d17d97c82b64df360c257cc0598684842c9295f5526",
      "src/engine/random.ts": "b0844202733996c5dd2f123a32ad800c433b22c02ddf0e744c163e880b612734",
      "src/engine/rewardActions.test.ts": "0b8972f23231416b0cff9d4f8af8d8cc4c79804bdb1a971c437e0581ca5a7c7f",
      "src/engine/rewardActions.ts": "e65c62d7477347152fa63cf208aaa06f76cd69371ca79cbdebb541cb7553f4c1",
      "src/engine/rewardState.ts": "2bc667870966beec916017a865f8e8cbf7b9893b31fe33823fec98305df5d901",
      "src/engine/simulation.test.ts": "a0808a2c3a02ea77382e0c29cd931e175f71e3201fc0827ae177c2af320d3b4e",
      "src/engine/simulation.ts": "82c84768ca89a87efa0beb6ba0c846bb60bf5a652c888ff243130a3de04ce6e3",
      "src/engine/wolfFamily.test.ts": "9d1aa4f13c4582c317dd4e91b6a3cf32db1ea33e8adeef4a54097ecf4355716f",
      "src/engine/wolfFamily.ts": "1c1c18f12926a13f804ae215e60349e0c69e2dcb0e5c8d26518b11eeb7197ed7",
      "src/main.ts": "d40986b5fc51412d180baf7fd19e010611819486787be3a901e22315f3ae34a4",
      "src/presentation/craftingProjection.test.ts": "9e267bcd768b9ee7238ff6c6c7e669df5b7fa987fd872c7bf2848aee5d1090ce",
      "src/presentation/craftingProjection.ts": "26e70a094527b49ed17cf4e8a802d8e32f145789b13cb78d5b1825d70ce80dbf",
      "src/presentation/icons.ts": "765708954fb2796d5a31715a4f66e9036672417b61aad5e80ccdddaf2231a135",
      "src/presentation/lifeProjection.test.ts": "fa6c4282aedc420b300baf2d283bf11222b3cd806a4e4b7dbf8c77269a95292a",
      "src/presentation/lifeProjection.ts": "07c2f4a68e2ce095c8eb352db85a22d0481e9cf6131c1440da950f765b0e24f4",
      "src/presentation/rewardProjection.test.ts": "cb54650c0885c3c1c245a9eb7d599fa63589f7543fb1c7514fd570d6e1244d86",
      "src/presentation/rewardProjection.ts": "969498139ed5fa7b221378d939032d7948904c242ea3d3691657728293603d92",
      "src/presentation/worldProjection.test.ts": "ac09f1dd5fd910f21f54f2475de22aaab72c8ba5be3b974d90913cde7910bad4",
      "src/presentation/worldProjection.ts": "06d76b4946a11de5ef28d3fa4a6966a0a2a0e0859c43370009b4ad30d2dcc73b",
      "src/presentation/worldUI.test.ts": "2f3df8b838778eabfb17e3364c37905b3a2ab043ebba3ad1500c911cce7e4e6e",
      "src/presentation/worldUI.ts": "a0abdb1cc227cf4d60e7bb3c1531fc555dff800d462b74be312f67c562e6c91e",
      "src/services/playJournal.test.ts": "94a17d9de5df2bcdc87a4584e7fbb021a021b4aa0e61de97519288b70ba765b9",
      "src/services/playJournal.ts": "92d55ee79abe39e0e0c83fd2cc54243559517f787cfe23262486810f45163940",
      "src/services/rewardSave.test.ts": "ebd8476dc3500e310fc214877a47cc5edfcd11cdd4f7a5be6d6dfa66ec88349e",
      "src/services/rewardValidation.ts": "039cab272c301f7d91d2ba49cade91ea0751d80bbb8957a20692e8e723a24171",
      "src/services/saveService.test.ts": "c0019a9e290787c10c31143d292a7ef78b1d460c6a22f5962dd0969782c71277",
      "src/services/saveService.ts": "27af78b529a5f464d5ccafd13a0a187cacebfa3d962787a106c60821d10e068a",
      "src/services/saveWriter.ts": "0703016eb96d12bb843f0b04b6e21b6568bf7f9b44defc59e340896c675ff43b",
      "src/stores/gameStore.test.ts": "7f1b8f4cf703f448802a54da7edfb3844c66765e2621b20bc445bda67b5bd840",
      "src/stores/gameStore.ts": "b5d18a378cf4b05d05a37a2825e7eff045fd1ef68ac0714076b8f7c049bf5ac2",
      "src/style.scss": "39ff3ebf848b580a2e80da3a65860bf9f401623deae77efe161d80ad123a9f46"
    },
    "sourceFingerprint": "64118ae0a53e69a897ba5bf0611da3d913d75b0861c80d56f95729feebba12cb",
    "buildInputsSha256": {
      "package.json": "e44cbba601836e8b2adc8e872caba3ce665c6b21873aeee153fc729099625f80",
      "package-lock.json": "cd8379969a4ee99f80434dce4c7afff4fcf52290aa9d40ba4668c5165dbdc53d",
      "tsconfig.json": "2f45629d03f844524c3b19b580db910c7c120e4e0d06b00eae6f73e829d968b0",
      "vite.config.ts": "f5e64ccf326c3dd505ea11a18e691d1bc5b698d9bd130b234a788fc3c9017366",
      "index.html": "bfa28297eece5f57e38878097b4db8b481d5fcee44442da76244e0bb3dffb794"
    },
    "buildInputsFingerprint": "953400b45ba7b923fe1f99ec590543615929d91e42782cd5c58ee3d75f739b71",
    "distSha256": {
      "dist/assets/index-D5p_OlSI.js": "463c9612fa7a4a7026d5247e10371c36142bfbd4d54046a9543e1e9ebbf9c146",
      "dist/assets/index-N61qMvza.css": "230de3747a4d005dcba6d2984cd2930d9f6430e59ff7eb4d119a3befeadff20e",
      "dist/index.html": "02dfd359e60ae0cde25de6bbbddb2369ac3633b7916d97b9e3fa1c3fce96741f"
    },
    "distFingerprint": "6824067c45cb8bcda82376c05fa763e1ca109d3be1dbdc8815b00549e5371d16",
    "buildStatusPath": "/workspace/plw-rpg/reports/v2/20261007-life-craftsmanship/phase-05/build-status.json",
    "buildStatusSha256": "29b54af491df360466d61e43da51e4ac22b94f333d0c46aa90def67da85aa442",
    "ownedHarnessAndHelperSha256": {
      "reports/v2/20261007-life-craftsmanship/phase-05/phase05_browser_launcher.py": "84c7f4429196180787be2de52b6cf05817078e41faac984813c6472125823297",
      "reports/v2/20261007-life-craftsmanship/phase-05/phase05_browser_driver.py": "fbb1af096b0b83b7d14f6da20a88e02ac264298183ec93ec15dc4a66375c0f12",
      "reports/v2/20261007-life-craftsmanship/phase-05/phase05_browser_support.py": "8572bdf613f7840d5818e7ec0de844c3f4501ce70fe66df71986c0a1e1f6572c"
    },
    "recordedReportsSha256": "bc09dc981267e9cdfaf63103b260c052417b2ff675e551cd2677986f9231962b"
  },
  "releaseMarker": {
    "authorized": true,
    "authorizedModes": [
      "stress",
      "life"
    ],
    "stage": "J retry after independent optional-building/modal correction acceptance; original failures and historical RED gap preserved",
    "authorizedBy": "g61-sol-med-orchestrator",
    "sourceCommitBase": "f9f969c9d3dfa3cbf1c379bec98eafab765b11cc",
    "sourceFingerprint": "64118ae0a53e69a897ba5bf0611da3d913d75b0861c80d56f95729feebba12cb",
    "buildStatusSha256": "29b54af491df360466d61e43da51e4ac22b94f333d0c46aa90def67da85aa442",
    "distFingerprint": "6824067c45cb8bcda82376c05fa763e1ca109d3be1dbdc8815b00549e5371d16",
    "qaFilesSha256": {
      "reports/v2/20261007-life-craftsmanship/phase-05/phase05_browser_launcher.py": "84c7f4429196180787be2de52b6cf05817078e41faac984813c6472125823297",
      "reports/v2/20261007-life-craftsmanship/phase-05/phase05_browser_driver.py": "fbb1af096b0b83b7d14f6da20a88e02ac264298183ec93ec15dc4a66375c0f12",
      "reports/v2/20261007-life-craftsmanship/phase-05/phase05_browser_support.py": "8572bdf613f7840d5818e7ec0de844c3f4501ce70fe66df71986c0a1e1f6572c"
    },
    "humanGate": "DEFERRED / NOT APPLICABLE AT THIS STAGE"
  },
  "buildStatusPath": "/workspace/plw-rpg/reports/v2/20261007-life-craftsmanship/phase-05/build-status.json",
  "url": "http://127.0.0.1:49055",
  "normalFreshSave": {
    "isolatedContext": true,
    "stateInjected": false,
    "debugTimeOrStateInjection": false
  },
  "controlledFixture": false,
  "humanValidation": {
    "status": "DEFERRED / NOT APPLICABLE AT THIS STAGE"
  },
  "startUTC": "2026-10-07T09:13:33.209097+00:00",
  "pageErrors": [],
  "consoleErrors": [],
  "requestFailures": [],
  "httpFailures": [],
  "rejections": [],
  "storageErrors": [],
  "uiLatencyMs": [
    {
      "action": "pause world clock through its visible speed control",
      "milliseconds": 31.4
    },
    {
      "action": "move one legal map step toward store",
      "milliseconds": 102.5
    },
    {
      "action": "move one legal map step toward store",
      "milliseconds": 44.0
    },
    {
      "action": "move one legal map step toward store",
      "milliseconds": 58.9
    },
    {
      "action": "open nearby interactions",
      "milliseconds": 31.1
    },
    {
      "action": "open nearby store (雜貨店)",
      "milliseconds": 49.6
    },
    {
      "action": "inspect live recipe registry option fieldSpear",
      "milliseconds": 31.7
    },
    {
      "action": "inspect live recipe registry option fieldArmor",
      "milliseconds": 22.5
    },
    {
      "action": "inspect live recipe registry option ironShortSword",
      "milliseconds": 17.1
    },
    {
      "action": "select adaptive Life Agent recipe goal starterSpear",
      "milliseconds": 14.0
    },
    {
      "action": "select visible material influence option wolfFang for planner inspection",
      "milliseconds": 18.0
    },
    {
      "action": "select visible material influence option moonStone for planner inspection",
      "milliseconds": 25.4
    },
    {
      "action": "restore the neutral material option after read-only plan comparisons",
      "milliseconds": 42.1
    },
    {
      "action": "move one legal map step toward forest",
      "milliseconds": 28.1
    },
    {
      "action": "move one legal map step toward forest",
      "milliseconds": 49.9
    },
    {
      "action": "open nearby interactions",
      "milliseconds": 57.0
    },
    {
      "action": "open nearby forest (北方森林)",
      "milliseconds": 54.6
    },
    {
      "action": "gather planner-requested wood through normal visible UI",
      "milliseconds": 36.6
    },
    {
      "action": "move one legal map step toward store",
      "milliseconds": 44.5
    },
    {
      "action": "move one legal map step toward store",
      "milliseconds": 62.6
    },
    {
      "action": "open nearby interactions",
      "milliseconds": 34.9
    },
    {
      "action": "open nearby store (雜貨店)",
      "milliseconds": 58.6
    },
    {
      "action": "inspect live recipe registry option fieldSpear",
      "milliseconds": 25.6
    },
    {
      "action": "inspect live recipe registry option fieldArmor",
      "milliseconds": 19.4
    },
    {
      "action": "inspect live recipe registry option ironShortSword",
      "milliseconds": 14.2
    },
    {
      "action": "select adaptive Life Agent recipe goal starterSpear",
      "milliseconds": 24.2
    },
    {
      "action": "move one legal map step toward forest",
      "milliseconds": 34.1
    },
    {
      "action": "open forest (北方森林)",
      "milliseconds": 53.8
    },
    {
      "action": "gather planner-requested wood through normal visible UI",
      "milliseconds": 23.7
    },
    {
      "action": "move one legal map step toward store",
      "milliseconds": 44.5
    },
    {
      "action": "open nearby interactions",
      "milliseconds": 33.3
    },
    {
      "action": "open nearby store (雜貨店)",
      "milliseconds": 35.0
    },
    {
      "action": "inspect live recipe registry option fieldSpear",
      "milliseconds": 13.2
    },
    {
      "action": "inspect live recipe registry option fieldArmor",
      "milliseconds": 24.7
    },
    {
      "action": "inspect live recipe registry option ironShortSword",
      "milliseconds": 28.6
    },
    {
      "action": "select adaptive Life Agent recipe goal starterSpear",
      "milliseconds": 13.4
    },
    {
      "action": "move one legal map step toward mine",
      "milliseconds": 32.2
    },
    {
      "action": "move one legal map step toward mine",
      "milliseconds": 20.9
    },
    {
      "action": "move one legal map step toward mine",
      "milliseconds": 90.1
    },
    {
      "action": "move one legal map step toward mine",
      "milliseconds": 41.4
    },
    {
      "action": "move one legal map step toward mine",
      "milliseconds": 31.2
    },
    {
      "action": "move one legal map step toward mine",
      "milliseconds": 22.3
    },
    {
      "action": "move one legal map step toward mine",
      "milliseconds": 27.9
    },
    {
      "action": "move one legal map step toward mine",
      "milliseconds": 62.4
    },
    {
      "action": "open mine (灰石礦場)",
      "milliseconds": 44.6
    },
    {
      "action": "gather planner-requested stone through normal visible UI",
      "milliseconds": 28.1
    },
    {
      "action": "move one legal map step toward store",
      "milliseconds": 37.9
    },
    {
      "action": "move one legal map step toward store",
      "milliseconds": 47.5
    },
    {
      "action": "move one legal map step toward store",
      "milliseconds": 38.9
    },
    {
      "action": "move one legal map step toward store",
      "milliseconds": 23.8
    },
    {
      "action": "move one legal map step toward store",
      "milliseconds": 22.0
    },
    {
      "action": "move one legal map step toward store",
      "milliseconds": 24.5
    },
    {
      "action": "move one legal map step toward store",
      "milliseconds": 18.4
    },
    {
      "action": "move one legal map step toward store",
      "milliseconds": 55.8
    },
    {
      "action": "open nearby interactions",
      "milliseconds": 50.5
    },
    {
      "action": "open nearby store (雜貨店)",
      "milliseconds": 21.0
    },
    {
      "action": "inspect live recipe registry option fieldSpear",
      "milliseconds": 37.1
    },
    {
      "action": "inspect live recipe registry option fieldArmor",
      "milliseconds": 14.5
    },
    {
      "action": "inspect live recipe registry option ironShortSword",
      "milliseconds": 18.1
    },
    {
      "action": "select adaptive Life Agent recipe goal starterSpear",
      "milliseconds": 31.2
    },
    {
      "action": "submit the enabled normal workbench recipe",
      "milliseconds": 21.6
    },
    {
      "action": "open the crafted item through its visible result bridge",
      "milliseconds": 23.7
    },
    {
      "action": "equip the exact crafted instance item-1 through inventory comparison",
      "milliseconds": 41.0
    },
    {
      "action": "explicit native save after closing all dialogs",
      "milliseconds": 26.2
    },
    {
      "action": "open nearby interactions",
      "milliseconds": 30.5
    },
    {
      "action": "open nearby store (雜貨店)",
      "milliseconds": 32.3
    },
    {
      "action": "inspect live recipe registry option fieldSpear",
      "milliseconds": 28.6
    },
    {
      "action": "inspect live recipe registry option fieldArmor",
      "milliseconds": 43.2
    },
    {
      "action": "inspect live recipe registry option ironShortSword",
      "milliseconds": 26.9
    },
    {
      "action": "select adaptive Life Agent recipe goal starterSpear",
      "milliseconds": 32.3
    },
    {
      "action": "move one legal map step toward forest",
      "milliseconds": 26.8
    },
    {
      "action": "move one legal map step toward forest",
      "milliseconds": 20.4
    },
    {
      "action": "open forest (北方森林)",
      "milliseconds": 60.3
    },
    {
      "action": "gather planner-requested wood through normal visible UI",
      "milliseconds": 35.7
    },
    {
      "action": "move one legal map step toward store",
      "milliseconds": 31.8
    },
    {
      "action": "move one legal map step toward store",
      "milliseconds": 26.1
    },
    {
      "action": "open nearby interactions",
      "milliseconds": 38.1
    },
    {
      "action": "open nearby store (雜貨店)",
      "milliseconds": 28.2
    },
    {
      "action": "inspect live recipe registry option fieldSpear",
      "milliseconds": 27.5
    },
    {
      "action": "inspect live recipe registry option fieldArmor",
      "milliseconds": 28.2
    },
    {
      "action": "inspect live recipe registry option ironShortSword",
      "milliseconds": 12.6
    },
    {
      "action": "select adaptive Life Agent recipe goal starterSpear",
      "milliseconds": 16.8
    },
    {
      "action": "move one legal map step toward mine",
      "milliseconds": 34.5
    },
    {
      "action": "move one legal map step toward mine",
      "milliseconds": 21.4
    },
    {
      "action": "move one legal map step toward mine",
      "milliseconds": 26.2
    },
    {
      "action": "move one legal map step toward mine",
      "milliseconds": 37.0
    },
    {
      "action": "move one legal map step toward mine",
      "milliseconds": 25.1
    },
    {
      "action": "move one legal map step toward mine",
      "milliseconds": 22.1
    },
    {
      "action": "move one legal map step toward mine",
      "milliseconds": 22.0
    },
    {
      "action": "open mine (灰石礦場)",
      "milliseconds": 31.7
    },
    {
      "action": "gather planner-requested stone through normal visible UI",
      "milliseconds": 37.5
    },
    {
      "action": "move one legal map step toward store",
      "milliseconds": 50.3
    },
    {
      "action": "move one legal map step toward store",
      "milliseconds": 39.5
    },
    {
      "action": "move one legal map step toward store",
      "milliseconds": 18.7
    },
    {
      "action": "move one legal map step toward store",
      "milliseconds": 28.8
    },
    {
      "action": "move one legal map step toward store",
      "milliseconds": 26.8
    },
    {
      "action": "move one legal map step toward store",
      "milliseconds": 20.5
    },
    {
      "action": "move one legal map step toward store",
      "milliseconds": 24.9
    },
    {
      "action": "open nearby interactions",
      "milliseconds": 35.2
    },
    {
      "action": "open nearby store (雜貨店)",
      "milliseconds": 24.2
    },
    {
      "action": "inspect live recipe registry option fieldSpear",
      "milliseconds": 19.0
    },
    {
      "action": "inspect live recipe registry option fieldArmor",
      "milliseconds": 14.1
    },
    {
      "action": "inspect live recipe registry option ironShortSword",
      "milliseconds": 11.2
    },
    {
      "action": "select adaptive Life Agent recipe goal starterSpear",
      "milliseconds": 19.0
    },
    {
      "action": "submit the enabled normal workbench recipe",
      "milliseconds": 43.5
    },
    {
      "action": "open the crafted item through its visible result bridge",
      "milliseconds": 31.0
    },
    {
      "action": "equip the exact crafted instance item-2 through inventory comparison",
      "milliseconds": 34.5
    },
    {
      "action": "pause world clock through its visible speed control",
      "milliseconds": 39.2
    },
    {
      "action": "explicit native save after closing all dialogs",
      "milliseconds": 15.0
    },
    {
      "action": "open nearby interactions",
      "milliseconds": 26.9
    },
    {
      "action": "open nearby store (雜貨店)",
      "milliseconds": 22.4
    },
    {
      "action": "inspect live recipe registry option fieldSpear",
      "milliseconds": 24.3
    },
    {
      "action": "inspect live recipe registry option fieldArmor",
      "milliseconds": 26.7
    },
    {
      "action": "inspect live recipe registry option ironShortSword",
      "milliseconds": 23.8
    },
    {
      "action": "select adaptive Life Agent recipe goal fieldSpear",
      "milliseconds": 20.8
    },
    {
      "action": "select visible material influence option wolfFang for planner inspection",
      "milliseconds": 38.5
    },
    {
      "action": "select visible material influence option moonStone for planner inspection",
      "milliseconds": 18.4
    },
    {
      "action": "restore the neutral material option after read-only plan comparisons",
      "milliseconds": 11.2
    },
    {
      "action": "move one legal map step toward forest",
      "milliseconds": 40.3
    },
    {
      "action": "move one legal map step toward forest",
      "milliseconds": 20.3
    },
    {
      "action": "open forest (北方森林)",
      "milliseconds": 21.6
    },
    {
      "action": "gather planner-requested wood through normal visible UI",
      "milliseconds": 23.9
    },
    {
      "action": "move one legal map step toward inn",
      "milliseconds": 22.1
    },
    {
      "action": "move one legal map step toward inn",
      "milliseconds": 23.8
    },
    {
      "action": "move one legal map step toward inn",
      "milliseconds": 25.6
    },
    {
      "action": "move one legal map step toward inn",
      "milliseconds": 20.3
    },
    {
      "action": "move one legal map step toward inn",
      "milliseconds": 23.5
    },
    {
      "action": "move one legal map step toward inn",
      "milliseconds": 21.3
    },
    {
      "action": "move one legal map step toward inn",
      "milliseconds": 29.1
    },
    {
      "action": "move one legal map step toward inn",
      "milliseconds": 25.3
    },
    {
      "action": "open nearby interactions",
      "milliseconds": 22.6
    },
    {
      "action": "open nearby inn (旅店)",
      "milliseconds": 20.0
    },
    {
      "action": "rest at the visible inn when stamina is low",
      "milliseconds": 91.5
    },
    {
      "action": "move one legal map step toward store",
      "milliseconds": 46.5
    },
    {
      "action": "move one legal map step toward store",
      "milliseconds": 20.1
    },
    {
      "action": "move one legal map step toward store",
      "milliseconds": 22.8
    },
    {
      "action": "move one legal map step toward store",
      "milliseconds": 20.5
    },
    {
      "action": "open nearby interactions",
      "milliseconds": 34.7
    },
    {
      "action": "open nearby store (雜貨店)",
      "milliseconds": 38.1
    },
    {
      "action": "inspect live recipe registry option fieldSpear",
      "milliseconds": 15.9
    },
    {
      "action": "inspect live recipe registry option fieldArmor",
      "milliseconds": 32.7
    },
    {
      "action": "inspect live recipe registry option ironShortSword",
      "milliseconds": 34.2
    },
    {
      "action": "select adaptive Life Agent recipe goal fieldSpear",
      "milliseconds": 23.5
    },
    {
      "action": "move one legal map step toward forest",
      "milliseconds": 26.4
    },
    {
      "action": "move one legal map step toward forest",
      "milliseconds": 50.5
    },
    {
      "action": "open forest (北方森林)",
      "milliseconds": 48.4
    },
    {
      "action": "gather planner-requested wood through normal visible UI",
      "milliseconds": 31.5
    },
    {
      "action": "move one legal map step toward store",
      "milliseconds": 29.9
    },
    {
      "action": "move one legal map step toward store",
      "milliseconds": 20.2
    },
    {
      "action": "open nearby interactions",
      "milliseconds": 49.4
    },
    {
      "action": "open nearby store (雜貨店)",
      "milliseconds": 41.0
    },
    {
      "action": "inspect live recipe registry option fieldSpear",
      "milliseconds": 29.1
    },
    {
      "action": "inspect live recipe registry option fieldArmor",
      "milliseconds": 28.0
    },
    {
      "action": "inspect live recipe registry option ironShortSword",
      "milliseconds": 17.3
    },
    {
      "action": "select adaptive Life Agent recipe goal fieldSpear",
      "milliseconds": 40.5
    },
    {
      "action": "move one legal map step toward mine",
      "milliseconds": 38.2
    },
    {
      "action": "move one legal map step toward mine",
      "milliseconds": 26.8
    },
    {
      "action": "move one legal map step toward mine",
      "milliseconds": 19.8
    },
    {
      "action": "move one legal map step toward mine",
      "milliseconds": 29.2
    },
    {
      "action": "move one legal map step toward mine",
      "milliseconds": 23.5
    },
    {
      "action": "move one legal map step toward mine",
      "milliseconds": 40.3
    },
    {
      "action": "move one legal map step toward mine",
      "milliseconds": 22.7
    },
    {
      "action": "move one legal map step toward mine",
      "milliseconds": 49.9
    },
    {
      "action": "open mine (灰石礦場)",
      "milliseconds": 26.1
    },
    {
      "action": "gather planner-requested stone through normal visible UI",
      "milliseconds": 44.1
    },
    {
      "action": "move one legal map step toward store",
      "milliseconds": 41.0
    },
    {
      "action": "move one legal map step toward store",
      "milliseconds": 57.3
    },
    {
      "action": "move one legal map step toward store",
      "milliseconds": 34.4
    },
    {
      "action": "move one legal map step toward store",
      "milliseconds": 64.7
    },
    {
      "action": "move one legal map step toward store",
      "milliseconds": 52.9
    },
    {
      "action": "move one legal map step toward store",
      "milliseconds": 21.6
    },
    {
      "action": "move one legal map step toward store",
      "milliseconds": 22.1
    },
    {
      "action": "move one legal map step toward store",
      "milliseconds": 50.4
    },
    {
      "action": "open nearby interactions",
      "milliseconds": 55.6
    },
    {
      "action": "open nearby store (雜貨店)",
      "milliseconds": 23.8
    },
    {
      "action": "inspect live recipe registry option fieldSpear",
      "milliseconds": 15.3
    },
    {
      "action": "inspect live recipe registry option fieldArmor",
      "milliseconds": 15.4
    },
    {
      "action": "inspect live recipe registry option ironShortSword",
      "milliseconds": 17.8
    },
    {
      "action": "select adaptive Life Agent recipe goal fieldSpear",
      "milliseconds": 20.6
    },
    {
      "action": "move one legal map step toward mine",
      "milliseconds": 31.1
    },
    {
      "action": "move one legal map step toward mine",
      "milliseconds": 15.8
    },
    {
      "action": "move one legal map step toward mine",
      "milliseconds": 30.4
    },
    {
      "action": "move one legal map step toward mine",
      "milliseconds": 18.1
    },
    {
      "action": "move one legal map step toward mine",
      "milliseconds": 27.0
    },
    {
      "action": "move one legal map step toward mine",
      "milliseconds": 34.9
    },
    {
      "action": "move one legal map step toward mine",
      "milliseconds": 28.3
    },
    {
      "action": "open mine (灰石礦場)",
      "milliseconds": 20.8
    },
    {
      "action": "gather planner-requested stone through normal visible UI",
      "milliseconds": 53.6
    },
    {
      "action": "move one legal map step toward store",
      "milliseconds": 53.9
    },
    {
      "action": "move one legal map step toward store",
      "milliseconds": 47.6
    },
    {
      "action": "move one legal map step toward store",
      "milliseconds": 46.7
    },
    {
      "action": "move one legal map step toward store",
      "milliseconds": 21.7
    },
    {
      "action": "move one legal map step toward store",
      "milliseconds": 20.7
    },
    {
      "action": "move one legal map step toward store",
      "milliseconds": 22.6
    },
    {
      "action": "move one legal map step toward store",
      "milliseconds": 27.0
    },
    {
      "action": "open nearby interactions",
      "milliseconds": 47.8
    },
    {
      "action": "open nearby store (雜貨店)",
      "milliseconds": 46.8
    },
    {
      "action": "inspect live recipe registry option fieldSpear",
      "milliseconds": 22.3
    },
    {
      "action": "inspect live recipe registry option fieldArmor",
      "milliseconds": 12.5
    },
    {
      "action": "inspect live recipe registry option ironShortSword",
      "milliseconds": 16.0
    },
    {
      "action": "select adaptive Life Agent recipe goal fieldSpear",
      "milliseconds": 30.1
    },
    {
      "action": "move one legal map step toward house",
      "milliseconds": 27.8
    },
    {
      "action": "move one legal map step toward house",
      "milliseconds": 23.6
    },
    {
      "action": "move one legal map step toward house",
      "milliseconds": 28.1
    },
    {
      "action": "move one legal map step toward house",
      "milliseconds": 26.6
    },
    {
      "action": "open nearby interactions",
      "milliseconds": 49.3
    },
    {
      "action": "open nearby house (家)",
      "milliseconds": 21.0
    },
    {
      "action": "advance world time through an ordinary visible rest action",
      "milliseconds": 47.7
    },
    {
      "action": "move one legal map step toward store",
      "milliseconds": 26.7
    },
    {
      "action": "move one legal map step toward store",
      "milliseconds": 26.4
    },
    {
      "action": "open nearby interactions",
      "milliseconds": 48.5
    },
    {
      "action": "open nearby store (雜貨店)",
      "milliseconds": 19.2
    },
    {
      "action": "open nearby interactions",
      "milliseconds": 32.4
    },
    {
      "action": "open nearby store (雜貨店)",
      "milliseconds": 27.8
    },
    {
      "action": "inspect live recipe registry option fieldSpear",
      "milliseconds": 27.5
    },
    {
      "action": "inspect live recipe registry option fieldArmor",
      "milliseconds": 28.0
    },
    {
      "action": "inspect live recipe registry option ironShortSword",
      "milliseconds": 12.1
    },
    {
      "action": "select adaptive Life Agent recipe goal fieldSpear",
      "milliseconds": 28.2
    },
    {
      "action": "submit the enabled normal workbench recipe",
      "milliseconds": 34.6
    },
    {
      "action": "open the crafted item through its visible result bridge",
      "milliseconds": 17.3
    },
    {
      "action": "equip the exact crafted instance item-3 through inventory comparison",
      "milliseconds": 16.0
    },
    {
      "action": "pause world clock through its visible speed control",
      "milliseconds": 31.0
    },
    {
      "action": "explicit native save after closing all dialogs",
      "milliseconds": 24.7
    },
    {
      "action": "open nearby interactions",
      "milliseconds": 41.7
    },
    {
      "action": "open nearby store (雜貨店)",
      "milliseconds": 35.9
    },
    {
      "action": "inspect live recipe registry option fieldSpear",
      "milliseconds": 28.7
    },
    {
      "action": "inspect live recipe registry option fieldArmor",
      "milliseconds": 39.2
    },
    {
      "action": "inspect live recipe registry option ironShortSword",
      "milliseconds": 14.2
    },
    {
      "action": "select adaptive Life Agent recipe goal fieldArmor",
      "milliseconds": 31.8
    },
    {
      "action": "select visible material influence option wolfHide for planner inspection",
      "milliseconds": 20.0
    },
    {
      "action": "restore the neutral material option after read-only plan comparisons",
      "milliseconds": 14.3
    },
    {
      "action": "move one legal map step toward mine",
      "milliseconds": 47.3
    },
    {
      "action": "move one legal map step toward mine",
      "milliseconds": 40.0
    },
    {
      "action": "move one legal map step toward mine",
      "milliseconds": 21.1
    },
    {
      "action": "move one legal map step toward mine",
      "milliseconds": 28.4
    },
    {
      "action": "move one legal map step toward mine",
      "milliseconds": 21.8
    },
    {
      "action": "move one legal map step toward mine",
      "milliseconds": 35.1
    },
    {
      "action": "move one legal map step toward mine",
      "milliseconds": 56.2
    },
    {
      "action": "move one legal map step toward mine",
      "milliseconds": 49.7
    },
    {
      "action": "move one legal map step toward mine",
      "milliseconds": 39.1
    },
    {
      "action": "open mine (灰石礦場)",
      "milliseconds": 58.9
    },
    {
      "action": "gather planner-requested iron through normal visible UI",
      "milliseconds": 68.2
    },
    {
      "action": "move one legal map step toward store",
      "milliseconds": 37.3
    },
    {
      "action": "move one legal map step toward store",
      "milliseconds": 56.2
    },
    {
      "action": "move one legal map step toward store",
      "milliseconds": 49.9
    },
    {
      "action": "move one legal map step toward store",
      "milliseconds": 28.9
    },
    {
      "action": "move one legal map step toward store",
      "milliseconds": 53.2
    },
    {
      "action": "move one legal map step toward store",
      "milliseconds": 20.0
    },
    {
      "action": "move one legal map step toward store",
      "milliseconds": 42.6
    },
    {
      "action": "open nearby interactions",
      "milliseconds": 63.5
    },
    {
      "action": "open nearby store (雜貨店)",
      "milliseconds": 26.6
    },
    {
      "action": "inspect live recipe registry option fieldSpear",
      "milliseconds": 28.7
    },
    {
      "action": "inspect live recipe registry option fieldArmor",
      "milliseconds": 25.0
    },
    {
      "action": "inspect live recipe registry option ironShortSword",
      "milliseconds": 25.9
    },
    {
      "action": "select adaptive Life Agent recipe goal fieldArmor",
      "milliseconds": 17.3
    },
    {
      "action": "move one legal map step toward forest",
      "milliseconds": 37.9
    },
    {
      "action": "move one legal map step toward forest",
      "milliseconds": 21.2
    },
    {
      "action": "open forest (北方森林)",
      "milliseconds": 35.9
    },
    {
      "action": "gather planner-requested wood through normal visible UI",
      "milliseconds": 35.0
    },
    {
      "action": "move one legal map step toward store",
      "milliseconds": 30.4
    },
    {
      "action": "move one legal map step toward store",
      "milliseconds": 26.6
    },
    {
      "action": "open nearby interactions",
      "milliseconds": 46.3
    },
    {
      "action": "open nearby store (雜貨店)",
      "milliseconds": 43.1
    },
    {
      "action": "inspect live recipe registry option fieldSpear",
      "milliseconds": 22.6
    },
    {
      "action": "inspect live recipe registry option fieldArmor",
      "milliseconds": 26.5
    },
    {
      "action": "inspect live recipe registry option ironShortSword",
      "milliseconds": 19.6
    },
    {
      "action": "select adaptive Life Agent recipe goal fieldArmor",
      "milliseconds": 28.6
    },
    {
      "action": "submit the enabled normal workbench recipe",
      "milliseconds": 31.8
    },
    {
      "action": "open the crafted item through its visible result bridge",
      "milliseconds": 29.8
    },
    {
      "action": "equip the exact crafted instance item-4 through inventory comparison",
      "milliseconds": 39.4
    },
    {
      "action": "pause world clock through its visible speed control",
      "milliseconds": 42.5
    },
    {
      "action": "explicit native save after closing all dialogs",
      "milliseconds": 13.7
    },
    {
      "action": "open nearby interactions",
      "milliseconds": 39.5
    },
    {
      "action": "open nearby store (雜貨店)",
      "milliseconds": 34.2
    },
    {
      "action": "inspect live recipe registry option fieldSpear",
      "milliseconds": 21.7
    },
    {
      "action": "inspect live recipe registry option fieldArmor",
      "milliseconds": 30.2
    },
    {
      "action": "inspect live recipe registry option ironShortSword",
      "milliseconds": 22.9
    },
    {
      "action": "select adaptive Life Agent recipe goal fieldSpear",
      "milliseconds": 12.2
    },
    {
      "action": "move one legal map step toward forest",
      "milliseconds": 29.2
    },
    {
      "action": "move one legal map step toward forest",
      "milliseconds": 32.5
    },
    {
      "action": "open forest (北方森林)",
      "milliseconds": 28.8
    },
    {
      "action": "gather planner-requested wood through normal visible UI",
      "milliseconds": 39.1
    },
    {
      "action": "move one legal map step toward store",
      "milliseconds": 55.2
    },
    {
      "action": "move one legal map step toward store",
      "milliseconds": 18.1
    },
    {
      "action": "open nearby interactions",
      "milliseconds": 53.0
    },
    {
      "action": "open nearby store (雜貨店)",
      "milliseconds": 47.5
    },
    {
      "action": "inspect live recipe registry option fieldSpear",
      "milliseconds": 19.3
    },
    {
      "action": "inspect live recipe registry option fieldArmor",
      "milliseconds": 24.8
    },
    {
      "action": "inspect live recipe registry option ironShortSword",
      "milliseconds": 28.3
    },
    {
      "action": "select adaptive Life Agent recipe goal fieldSpear",
      "milliseconds": 16.1
    },
    {
      "action": "move one legal map step toward mine",
      "milliseconds": 43.0
    },
    {
      "action": "move one legal map step toward mine",
      "milliseconds": 17.3
    },
    {
      "action": "move one legal map step toward mine",
      "milliseconds": 26.2
    },
    {
      "action": "move one legal map step toward mine",
      "milliseconds": 23.7
    },
    {
      "action": "move one legal map step toward mine",
      "milliseconds": 45.1
    },
    {
      "action": "move one legal map step toward mine",
      "milliseconds": 28.9
    },
    {
      "action": "move one legal map step toward mine",
      "milliseconds": 17.2
    },
    {
      "action": "open mine (灰石礦場)",
      "milliseconds": 25.4
    },
    {
      "action": "gather planner-requested stone through normal visible UI",
      "milliseconds": 33.6
    },
    {
      "action": "move one legal map step toward store",
      "milliseconds": 32.4
    },
    {
      "action": "move one legal map step toward store",
      "milliseconds": 42.8
    },
    {
      "action": "move one legal map step toward store",
      "milliseconds": 24.2
    },
    {
      "action": "move one legal map step toward store",
      "milliseconds": 23.9
    },
    {
      "action": "move one legal map step toward store",
      "milliseconds": 31.6
    },
    {
      "action": "move one legal map step toward store",
      "milliseconds": 20.6
    },
    {
      "action": "move one legal map step toward store",
      "milliseconds": 53.3
    },
    {
      "action": "open nearby interactions",
      "milliseconds": 49.4
    },
    {
      "action": "open nearby store (雜貨店)",
      "milliseconds": 35.3
    },
    {
      "action": "inspect live recipe registry option fieldSpear",
      "milliseconds": 22.1
    },
    {
      "action": "inspect live recipe registry option fieldArmor",
      "milliseconds": 28.6
    },
    {
      "action": "inspect live recipe registry option ironShortSword",
      "milliseconds": 26.5
    },
    {
      "action": "select adaptive Life Agent recipe goal fieldSpear",
      "milliseconds": 25.2
    },
    {
      "action": "submit the enabled normal workbench recipe",
      "milliseconds": 29.0
    },
    {
      "action": "open the crafted item through its visible result bridge",
      "milliseconds": 41.9
    },
    {
      "action": "equip the exact crafted instance item-5 through inventory comparison",
      "milliseconds": 29.6
    },
    {
      "action": "pause world clock through its visible speed control",
      "milliseconds": 27.4
    },
    {
      "action": "explicit native save after closing all dialogs",
      "milliseconds": 18.0
    },
    {
      "action": "move one legal map step toward inn",
      "milliseconds": 33.0
    },
    {
      "action": "move one legal map step toward inn",
      "milliseconds": 18.1
    },
    {
      "action": "move one legal map step toward inn",
      "milliseconds": 29.3
    },
    {
      "action": "move one legal map step toward inn",
      "milliseconds": 30.4
    },
    {
      "action": "move one legal map step toward inn",
      "milliseconds": 23.3
    },
    {
      "action": "move one legal map step toward inn",
      "milliseconds": 25.3
    },
    {
      "action": "open nearby interactions",
      "milliseconds": 63.4
    },
    {
      "action": "open nearby inn (旅店)",
      "milliseconds": 31.0
    },
    {
      "action": "rest at the visible inn when stamina is low",
      "milliseconds": 48.2
    },
    {
      "action": "move one legal map step toward store",
      "milliseconds": 39.9
    },
    {
      "action": "move one legal map step toward store",
      "milliseconds": 22.2
    },
    {
      "action": "move one legal map step toward store",
      "milliseconds": 19.6
    },
    {
      "action": "move one legal map step toward store",
      "milliseconds": 23.6
    },
    {
      "action": "open nearby interactions",
      "milliseconds": 56.6
    },
    {
      "action": "open nearby store (雜貨店)",
      "milliseconds": 49.5
    },
    {
      "action": "inspect live recipe registry option fieldSpear",
      "milliseconds": 23.9
    },
    {
      "action": "inspect live recipe registry option fieldArmor",
      "milliseconds": 15.6
    },
    {
      "action": "inspect live recipe registry option ironShortSword",
      "milliseconds": 25.2
    },
    {
      "action": "select adaptive Life Agent recipe goal fieldArmor",
      "milliseconds": 16.4
    },
    {
      "action": "move one legal map step toward mine",
      "milliseconds": 33.6
    },
    {
      "action": "move one legal map step toward mine",
      "milliseconds": 26.8
    },
    {
      "action": "move one legal map step toward mine",
      "milliseconds": 40.2
    },
    {
      "action": "move one legal map step toward mine",
      "milliseconds": 25.2
    },
    {
      "action": "move one legal map step toward mine",
      "milliseconds": 27.9
    },
    {
      "action": "move one legal map step toward mine",
      "milliseconds": 29.6
    },
    {
      "action": "move one legal map step toward mine",
      "milliseconds": 25.1
    },
    {
      "action": "move one legal map step toward mine",
      "milliseconds": 29.1
    },
    {
      "action": "move one legal map step toward mine",
      "milliseconds": 29.7
    },
    {
      "action": "open mine (灰石礦場)",
      "milliseconds": 29.3
    },
    {
      "action": "gather planner-requested iron through normal visible UI",
      "milliseconds": 46.2
    },
    {
      "action": "move one legal map step toward store",
      "milliseconds": 16.4
    },
    {
      "action": "move one legal map step toward store",
      "milliseconds": 26.2
    },
    {
      "action": "move one legal map step toward store",
      "milliseconds": 28.3
    },
    {
      "action": "move one legal map step toward store",
      "milliseconds": 29.9
    },
    {
      "action": "move one legal map step toward store",
      "milliseconds": 28.9
    },
    {
      "action": "move one legal map step toward store",
      "milliseconds": 28.4
    },
    {
      "action": "move one legal map step toward store",
      "milliseconds": 28.1
    },
    {
      "action": "open nearby interactions",
      "milliseconds": 27.3
    },
    {
      "action": "open nearby store (雜貨店)",
      "milliseconds": 23.2
    },
    {
      "action": "inspect live recipe registry option fieldSpear",
      "milliseconds": 27.7
    },
    {
      "action": "inspect live recipe registry option fieldArmor",
      "milliseconds": 22.3
    },
    {
      "action": "inspect live recipe registry option ironShortSword",
      "milliseconds": 22.7
    },
    {
      "action": "select adaptive Life Agent recipe goal fieldArmor",
      "milliseconds": 19.9
    },
    {
      "action": "move one legal map step toward forest",
      "milliseconds": 45.9
    },
    {
      "action": "move one legal map step toward forest",
      "milliseconds": 29.0
    },
    {
      "action": "open forest (北方森林)",
      "milliseconds": 27.6
    },
    {
      "action": "gather planner-requested wood through normal visible UI",
      "milliseconds": 15.7
    },
    {
      "action": "move one legal map step toward store",
      "milliseconds": 44.0
    },
    {
      "action": "move one legal map step toward store",
      "milliseconds": 25.2
    },
    {
      "action": "open nearby interactions",
      "milliseconds": 24.9
    },
    {
      "action": "open nearby store (雜貨店)",
      "milliseconds": 28.3
    },
    {
      "action": "inspect live recipe registry option fieldSpear",
      "milliseconds": 10.0
    },
    {
      "action": "inspect live recipe registry option fieldArmor",
      "milliseconds": 28.2
    },
    {
      "action": "inspect live recipe registry option ironShortSword",
      "milliseconds": 26.3
    },
    {
      "action": "select adaptive Life Agent recipe goal fieldArmor",
      "milliseconds": 21.1
    },
    {
      "action": "move one legal map step toward house",
      "milliseconds": 40.3
    },
    {
      "action": "move one legal map step toward house",
      "milliseconds": 23.5
    },
    {
      "action": "move one legal map step toward house",
      "milliseconds": 27.4
    },
    {
      "action": "move one legal map step toward house",
      "milliseconds": 29.0
    },
    {
      "action": "open nearby interactions",
      "milliseconds": 28.1
    },
    {
      "action": "open nearby house (家)",
      "milliseconds": 36.3
    },
    {
      "action": "advance world time through an ordinary visible rest action",
      "milliseconds": 45.0
    },
    {
      "action": "move one legal map step toward store",
      "milliseconds": 28.3
    },
    {
      "action": "move one legal map step toward store",
      "milliseconds": 26.9
    },
    {
      "action": "open nearby interactions",
      "milliseconds": 19.6
    },
    {
      "action": "open nearby store (雜貨店)",
      "milliseconds": 24.8
    },
    {
      "action": "move one legal map step toward house",
      "milliseconds": 42.6
    },
    {
      "action": "move one legal map step toward house",
      "milliseconds": 24.9
    },
    {
      "action": "open nearby interactions",
      "milliseconds": 24.7
    },
    {
      "action": "open nearby house (家)",
      "milliseconds": 25.5
    }
  ],
  "operations": 388,
  "reloads": 5,
  "dialogCycles": 43,
  "checkpointCount": 5,
  "lifeNotes": [],
  "limitations": [
    "Runner-driven browser QA is not human product validation.",
    "Source/build release correlation is required before every run.",
    "Life Agent notes are observations, not fun or retention proof."
  ],
  "servedAssets": {
    "index": {
      "status": 200,
      "bytes": 448,
      "sha256": "02dfd359e60ae0cde25de6bbbddb2369ac3633b7916d97b9e3fa1c3fce96741f"
    },
    "assets": [
      {
        "path": "assets/index-D5p_OlSI.js",
        "status": 200,
        "bytes": 296898,
        "sha256": "463c9612fa7a4a7026d5247e10371c36142bfbd4d54046a9543e1e9ebbf9c146"
      },
      {
        "path": "assets/index-N61qMvza.css",
        "status": 200,
        "bytes": 29768,
        "sha256": "230de3747a4d005dcba6d2984cd2930d9f6430e59ff7eb4d119a3befeadff20e"
      }
    ],
    "favicon": {
      "status": 204,
      "bytes": 0
    }
  },
  "preAppGuard": {
    "readyState": "loading",
    "present": false,
    "error": null
  },
  "profilingCapabilities": {
    "Performance.enable": true,
    "Memory.getDOMCounters": true,
    "Runtime.getHeapUsage": true,
    "Performance.getMetrics": true
  },
  "nativeOpeningState": {
    "worldTime": 480,
    "rngState": 2617785268,
    "eventSequence": 1,
    "eventCount": 1,
    "historyCount": 1,
    "journalPending": 0,
    "character": {
      "isAlive": true,
      "hp": 100,
      "maxHp": 100,
      "stamina": 84,
      "maxStamina": 84,
      "gold": 45,
      "level": 1,
      "position": {
        "x": 7,
        "y": 9
      }
    },
    "skills": {
      "combat": {
        "level": 1,
        "exp": 0
      },
      "farming": {
        "level": 1,
        "exp": 0
      },
      "mining": {
        "level": 1,
        "exp": 0
      },
      "woodcutting": {
        "level": 1,
        "exp": 0
      },
      "smithing": {
        "level": 1,
        "exp": 0
      }
    },
    "inventory": {
      "wood": 0,
      "stone": 0,
      "iron": 0,
      "food": 3,
      "material": 0,
      "potion": 2,
      "sword": 0,
      "armor": 0
    },
    "instanceCount": 0,
    "equipped": {},
    "npcCount": 29,
    "livingNpcCount": 29,
    "threat": {
      "monsterPopulation": 12,
      "threatLevel": 1,
      "growthRate": 0.65,
      "bossProgress": 0,
      "campLevel": 1,
      "bossAlive": false,
      "warningLevel": 0
    },
    "boss": {
      "alive": false,
      "progress": 0,
      "wolfBossForm": null
    },
    "combat": null,
    "dungeon": {
      "discovered": false,
      "threat": 1,
      "progress": 0,
      "runs": 0,
      "stage": 0,
      "inDungeon": false
    },
    "ownership": null
  },
  "nativeOpeningSave": {
    "createdByNormalOpeningAction": true,
    "openingSeen": true,
    "activeCharacterId": "alden",
    "characterCount": 1,
    "worldTime": 480,
    "eventSequence": 1,
    "freshRewardInstances": 0
  },
  "openingState": {
    "worldTime": 480,
    "rngState": 2617785268,
    "eventSequence": 1,
    "eventCount": 1,
    "historyCount": 1,
    "journalPending": 0,
    "character": {
      "isAlive": true,
      "hp": 100,
      "maxHp": 100,
      "stamina": 84,
      "maxStamina": 84,
      "gold": 45,
      "level": 1,
      "position": {
        "x": 7,
        "y": 9
      }
    },
    "skills": {
      "combat": {
        "level": 1,
        "exp": 0
      },
      "farming": {
        "level": 1,
        "exp": 0
      },
      "mining": {
        "level": 1,
        "exp": 0
      },
      "woodcutting": {
        "level": 1,
        "exp": 0
      },
      "smithing": {
        "level": 1,
        "exp": 0
      }
    },
    "inventory": {
      "wood": 0,
      "stone": 0,
      "iron": 0,
      "food": 3,
      "material": 0,
      "potion": 2,
      "sword": 0,
      "armor": 0
    },
    "instanceCount": 0,
    "equipped": {},
    "npcCount": 29,
    "livingNpcCount": 29,
    "threat": {
      "monsterPopulation": 12,
      "threatLevel": 1,
      "growthRate": 0.65,
      "bossProgress": 0,
      "campLevel": 1,
      "bossAlive": false,
      "warningLevel": 0
    },
    "boss": {
      "alive": false,
      "progress": 0,
      "wolfBossForm": null
    },
    "combat": null,
    "dungeon": {
      "discovered": false,
      "threat": 1,
      "progress": 0,
      "runs": 0,
      "stage": 0,
      "inDungeon": false
    },
    "ownership": null
  },
  "recipeRegistryObservations": [
    {
      "recipeId": "starterSpear",
      "selectable": true,
      "recipeLabel": "木石長矛\nSmithing Lv.1 已解鎖",
      "craftEnabled": false,
      "requiredSkill": 1,
      "currentSkill": 2,
      "shortage": [
        "stone",
        "mine",
        "採石"
      ],
      "denial": [
        "工作台目前未營業，請於 08:00–18:00 前往。"
      ],
      "inputRows": [
        "木材 ×3 ／持有 3",
        "石材 ×2 ／持有 0"
      ]
    },
    {
      "recipeId": "fieldSpear",
      "selectable": true,
      "recipeLabel": "進階長矛\nSmithing Lv.2 已解鎖",
      "craftEnabled": false,
      "requiredSkill": 2,
      "currentSkill": 2,
      "shortage": [
        "wood",
        "forest",
        "伐木"
      ],
      "denial": [
        "工作台目前未營業，請於 08:00–18:00 前往。"
      ],
      "inputRows": [
        "木材 ×4 ／持有 3",
        "石材 ×3 ／持有 0"
      ]
    },
    {
      "recipeId": "fieldArmor",
      "selectable": true,
      "recipeLabel": "鎖甲\nSmithing Lv.2 已解鎖",
      "craftEnabled": false,
      "requiredSkill": 2,
      "currentSkill": 2,
      "shortage": null,
      "denial": [
        "工作台目前未營業，請於 08:00–18:00 前往。"
      ],
      "inputRows": [
        "鐵礦 ×2 ／持有 3",
        "木材 ×1 ／持有 3"
      ]
    },
    {
      "recipeId": "ironShortSword",
      "selectable": true,
      "recipeLabel": "鐵短劍\nSmithing Lv.5 解鎖",
      "craftEnabled": false,
      "requiredSkill": 5,
      "currentSkill": 2,
      "shortage": null,
      "denial": [
        "這項配方的工作台尚未開放。"
      ],
      "inputRows": [
        "鐵礦 ×3 ／持有 3",
        "木材 ×1 ／持有 3"
      ]
    }
  ],
  "craftingObservations": [
    {
      "available": true,
      "text": "工作台 實際工作台 雜貨店 · 服務時間 08:00–18:00。 選擇配方 木石長矛 Smithing Lv.1 已解鎖 進階長矛 Smithing Lv.2 解鎖 鎖甲 Smithing Lv.2 解鎖 鐵短劍 Smithing Lv.5 解鎖 木石長矛 影響素材 素材會消耗 1 份，依選擇調整詞綴權重或條件式特性機率；不保證指定結果。品質機率只依鍛造熟練度能力調整。 不使用素材 🦴 狼牙 · 持有 0 🌙 月石 · 持有 0 成品 獵矛 · 武器 · Lv.2 材料 木材 ×3 ／持有 0 石材 ×2 ／持有 0 費用 4 金 ／持有 45 體力與時間 體力 10 ／目前 84 · 45 分鐘 鍛造熟練度 需求 Lv.1 ／目前 Lv.1 品質能力 目前使用基礎品質權重 · 普通 60%、精良 27%、稀有 10%、史詩 2.8%、傳說 0.2% 成功練習 成功後鍛造熟練 +10 XP，上限 Lv.3 下一個品質能力：Smithing Lv.3 可達最低精良。 下一項配方目標：Smithing Lv.2 解鎖進階長矛。 鍛造材料不足。 製作木石長矛",
      "inputRows": [
        "木材 ×3 ／持有 0",
        "石材 ×2 ／持有 0"
      ],
      "recipeControls": 1,
      "materialControls": 3,
      "selectedRecipe": "starterSpear",
      "selectedMaterial": "none",
      "recipeLabel": "木石長矛\nSmithing Lv.1 已解鎖",
      "disabledReason": [
        "鍛造材料不足。"
      ]
    },
    {
      "available": true,
      "text": "工作台 實際工作台 雜貨店 · 服務時間 08:00–18:00。 選擇配方 木石長矛 Smithing Lv.1 已解鎖 進階長矛 Smithing Lv.2 解鎖 鎖甲 Smithing Lv.2 解鎖 鐵短劍 Smithing Lv.5 解鎖 木石長矛 影響素材 素材會消耗 1 份，依選擇調整詞綴權重或條件式特性機率；不保證指定結果。品質機率只依鍛造熟練度能力調整。 不使用素材 🦴 狼牙 · 持有 0 🌙 月石 · 持有 0 成品 獵矛 · 武器 · Lv.2 材料 木材 ×3 ／持有 2 石材 ×2 ／持有 0 費用 4 金 ／持有 49 體力與時間 體力 10 ／目前 74 · 45 分鐘 鍛造熟練度 需求 Lv.1 ／目前 Lv.1 品質能力 目前使用基礎品質權重 · 普通 60%、精良 27%、稀有 10%、史詩 2.8%、傳說 0.2% 成功練習 成功後鍛造熟練 +10 XP，上限 Lv.3 下一個品質能力：Smithing Lv.3 可達最低精良。 下一項配方目標：Smithing Lv.2 解鎖進階長矛。 鍛造材料不足。 製作木石長矛",
      "inputRows": [
        "木材 ×3 ／持有 2",
        "石材 ×2 ／持有 0"
      ],
      "recipeControls": 1,
      "materialControls": 3,
      "selectedRecipe": "starterSpear",
      "selectedMaterial": "none",
      "recipeLabel": "木石長矛\nSmithing Lv.1 已解鎖",
      "disabledReason": [
        "鍛造材料不足。"
      ]
    },
    {
      "available": true,
      "text": "工作台 實際工作台 雜貨店 · 服務時間 08:00–18:00。 選擇配方 木石長矛 Smithing Lv.1 已解鎖 進階長矛 Smithing Lv.2 解鎖 鎖甲 Smithing Lv.2 解鎖 鐵短劍 Smithing Lv.5 解鎖 木石長矛 影響素材 素材會消耗 1 份，依選擇調整詞綴權重或條件式特性機率；不保證指定結果。品質機率只依鍛造熟練度能力調整。 不使用素材 🦴 狼牙 · 持有 0 🌙 月石 · 持有 0 成品 獵矛 · 武器 · Lv.2 材料 木材 ×3 ／持有 4 石材 ×2 ／持有 0 費用 4 金 ／持有 53 體力與時間 體力 10 ／目前 64 · 45 分鐘 鍛造熟練度 需求 Lv.1 ／目前 Lv.1 品質能力 目前使用基礎品質權重 · 普通 60%、精良 27%、稀有 10%、史詩 2.8%、傳說 0.2% 成功練習 成功後鍛造熟練 +10 XP，上限 Lv.3 下一個品質能力：Smithing Lv.3 可達最低精良。 下一項配方目標：Smithing Lv.2 解鎖進階長矛。 鍛造材料不足。 製作木石長矛",
      "inputRows": [
        "木材 ×3 ／持有 4",
        "石材 ×2 ／持有 0"
      ],
      "recipeControls": 1,
      "materialControls": 3,
      "selectedRecipe": "starterSpear",
      "selectedMaterial": "none",
      "recipeLabel": "木石長矛\nSmithing Lv.1 已解鎖",
      "disabledReason": [
        "鍛造材料不足。"
      ]
    },
    {
      "available": true,
      "text": "工作台 實際工作台 雜貨店 · 服務時間 08:00–18:00。 選擇配方 木石長矛 Smithing Lv.1 已解鎖 進階長矛 Smithing Lv.2 解鎖 鎖甲 Smithing Lv.2 解鎖 鐵短劍 Smithing Lv.5 解鎖 木石長矛 影響素材 素材會消耗 1 份，依選擇調整詞綴權重或條件式特性機率；不保證指定結果。品質機率只依鍛造熟練度能力調整。 不使用素材 🦴 狼牙 · 持有 0 🌙 月石 · 持有 0 成品 獵矛 · 武器 · Lv.2 材料 木材 ×3 ／持有 4 石材 ×2 ／持有 2 費用 4 金 ／持有 57 體力與時間 體力 10 ／目前 54 · 45 分鐘 鍛造熟練度 需求 Lv.1 ／目前 Lv.1 品質能力 目前使用基礎品質權重 · 普通 60%、精良 27%、稀有 10%、史詩 2.8%、傳說 0.2% 成功練習 成功後鍛造熟練 +10 XP，上限 Lv.3 下一個品質能力：Smithing Lv.3 可達最低精良。 下一項配方目標：Smithing Lv.2 解鎖進階長矛。 製作木石長矛",
      "inputRows": [
        "木材 ×3 ／持有 4",
        "石材 ×2 ／持有 2"
      ],
      "recipeControls": 1,
      "materialControls": 3,
      "selectedRecipe": "starterSpear",
      "selectedMaterial": "none",
      "recipeLabel": "木石長矛\nSmithing Lv.1 已解鎖",
      "disabledReason": []
    },
    {
      "available": true,
      "text": "工作台 實際工作台 雜貨店 · 服務時間 08:00–18:00。 選擇配方 木石長矛 Smithing Lv.1 已解鎖 進階長矛 Smithing Lv.2 解鎖 鎖甲 Smithing Lv.2 解鎖 鐵短劍 Smithing Lv.5 解鎖 木石長矛 影響素材 素材會消耗 1 份，依選擇調整詞綴權重或條件式特性機率；不保證指定結果。品質機率只依鍛造熟練度能力調整。 不使用素材 🦴 狼牙 · 持有 0 🌙 月石 · 持有 0 成品 獵矛 · 武器 · Lv.2 材料 木材 ×3 ／持有 1 石材 ×2 ／持有 0 費用 4 金 ／持有 53 體力與時間 體力 10 ／目前 44 · 45 分鐘 鍛造熟練度 需求 Lv.1 ／目前 Lv.1 品質能力 目前使用基礎品質權重 · 普通 60%、精良 27%、稀有 10%、史詩 2.8%、傳說 0.2% 成功練習 成功後鍛造熟練 +10 XP，上限 Lv.3 下一個品質能力：Smithing Lv.3 可達最低精良。 下一項配方目標：Smithing Lv.2 解鎖進階長矛。 鍛造材料不足。 製作木石長矛",
      "inputRows": [
        "木材 ×3 ／持有 1",
        "石材 ×2 ／持有 0"
      ],
      "recipeControls": 1,
      "materialControls": 3,
      "selectedRecipe": "starterSpear",
      "selectedMaterial": "none",
      "recipeLabel": "木石長矛\nSmithing Lv.1 已解鎖",
      "disabledReason": [
        "鍛造材料不足。"
      ]
    },
    {
      "available": true,
      "text": "工作台 實際工作台 雜貨店 · 服務時間 08:00–18:00。 選擇配方 木石長矛 Smithing Lv.1 已解鎖 進階長矛 Smithing Lv.2 解鎖 鎖甲 Smithing Lv.2 解鎖 鐵短劍 Smithing Lv.5 解鎖 木石長矛 影響素材 素材會消耗 1 份，依選擇調整詞綴權重或條件式特性機率；不保證指定結果。品質機率只依鍛造熟練度能力調整。 不使用素材 🦴 狼牙 · 持有 0 🌙 月石 · 持有 0 成品 獵矛 · 武器 · Lv.2 材料 木材 ×3 ／持有 3 石材 ×2 ／持有 0 費用 4 金 ／持有 57 體力與時間 體力 10 ／目前 34 · 45 分鐘 鍛造熟練度 需求 Lv.1 ／目前 Lv.1 品質能力 目前使用基礎品質權重 · 普通 60%、精良 27%、稀有 10%、史詩 2.8%、傳說 0.2% 成功練習 成功後鍛造熟練 +10 XP，上限 Lv.3 下一個品質能力：Smithing Lv.3 可達最低精良。 下一項配方目標：Smithing Lv.2 解鎖進階長矛。 鍛造材料不足。 製作木石長矛",
      "inputRows": [
        "木材 ×3 ／持有 3",
        "石材 ×2 ／持有 0"
      ],
      "recipeControls": 1,
      "materialControls": 3,
      "selectedRecipe": "starterSpear",
      "selectedMaterial": "none",
      "recipeLabel": "木石長矛\nSmithing Lv.1 已解鎖",
      "disabledReason": [
        "鍛造材料不足。"
      ]
    },
    {
      "available": true,
      "text": "工作台 實際工作台 雜貨店 · 服務時間 08:00–18:00。 選擇配方 木石長矛 Smithing Lv.1 已解鎖 進階長矛 Smithing Lv.2 解鎖 鎖甲 Smithing Lv.2 解鎖 鐵短劍 Smithing Lv.5 解鎖 木石長矛 影響素材 素材會消耗 1 份，依選擇調整詞綴權重或條件式特性機率；不保證指定結果。品質機率只依鍛造熟練度能力調整。 不使用素材 🦴 狼牙 · 持有 0 🌙 月石 · 持有 0 成品 獵矛 · 武器 · Lv.2 材料 木材 ×3 ／持有 3 石材 ×2 ／持有 2 費用 4 金 ／持有 61 體力與時間 體力 10 ／目前 24 · 45 分鐘 鍛造熟練度 需求 Lv.1 ／目前 Lv.1 品質能力 目前使用基礎品質權重 · 普通 60%、精良 27%、稀有 10%、史詩 2.8%、傳說 0.2% 成功練習 成功後鍛造熟練 +10 XP，上限 Lv.3 下一個品質能力：Smithing Lv.3 可達最低精良。 下一項配方目標：Smithing Lv.2 解鎖進階長矛。 製作木石長矛",
      "inputRows": [
        "木材 ×3 ／持有 3",
        "石材 ×2 ／持有 2"
      ],
      "recipeControls": 1,
      "materialControls": 3,
      "selectedRecipe": "starterSpear",
      "selectedMaterial": "none",
      "recipeLabel": "木石長矛\nSmithing Lv.1 已解鎖",
      "disabledReason": []
    },
    {
      "available": true,
      "text": "工作台 實際工作台 雜貨店 · 服務時間 08:00–18:00。 選擇配方 木石長矛 Smithing Lv.1 已解鎖 進階長矛 Smithing Lv.2 已解鎖 鎖甲 Smithing Lv.2 已解鎖 鐵短劍 Smithing Lv.5 解鎖 進階長矛 影響素材 素材會消耗 1 份，依選擇調整詞綴權重或條件式特性機率；不保證指定結果。品質機率只依鍛造熟練度能力調整。 不使用素材 🦴 狼牙 · 持有 0 🌙 月石 · 持有 0 成品 獵矛 · 武器 · Lv.3 材料 木材 ×4 ／持有 0 石材 ×3 ／持有 0 費用 6 金 ／持有 57 體力與時間 體力 12 ／目前 14 · 60 分鐘 鍛造熟練度 需求 Lv.2 ／目前 Lv.2 品質能力 目前使用基礎品質權重 · 普通 60%、精良 27%、稀有 10%、史詩 2.8%、傳說 0.2% 成功練習 成功後鍛造熟練 +10 XP，上限 Lv.5 下一個品質能力：Smithing Lv.3 可達最低精良。 下一項配方目標：Smithing Lv.5 解鎖鐵短劍。 鍛造材料不足。 製作進階長矛",
      "inputRows": [
        "木材 ×4 ／持有 0",
        "石材 ×3 ／持有 0"
      ],
      "recipeControls": 1,
      "materialControls": 3,
      "selectedRecipe": "fieldSpear",
      "selectedMaterial": "none",
      "recipeLabel": "進階長矛\nSmithing Lv.2 已解鎖",
      "disabledReason": [
        "鍛造材料不足。"
      ]
    },
    {
      "available": true,
      "text": "工作台 實際工作台 雜貨店 · 服務時間 08:00–18:00。 選擇配方 木石長矛 Smithing Lv.1 已解鎖 進階長矛 Smithing Lv.2 已解鎖 鎖甲 Smithing Lv.2 已解鎖 鐵短劍 Smithing Lv.5 解鎖 進階長矛 影響素材 素材會消耗 1 份，依選擇調整詞綴權重或條件式特性機率；不保證指定結果。品質機率只依鍛造熟練度能力調整。 不使用素材 🦴 狼牙 · 持有 0 🌙 月石 · 持有 0 成品 獵矛 · 武器 · Lv.3 材料 木材 ×4 ／持有 2 石材 ×3 ／持有 0 費用 6 金 ／持有 53 體力與時間 體力 12 ／目前 84 · 60 分鐘 鍛造熟練度 需求 Lv.2 ／目前 Lv.2 品質能力 目前使用基礎品質權重 · 普通 60%、精良 27%、稀有 10%、史詩 2.8%、傳說 0.2% 成功練習 成功後鍛造熟練 +10 XP，上限 Lv.5 下一個品質能力：Smithing Lv.3 可達最低精良。 下一項配方目標：Smithing Lv.5 解鎖鐵短劍。 工作台目前未營業，請於 08:00–18:00 前往。 製作進階長矛",
      "inputRows": [
        "木材 ×4 ／持有 2",
        "石材 ×3 ／持有 0"
      ],
      "recipeControls": 1,
      "materialControls": 3,
      "selectedRecipe": "fieldSpear",
      "selectedMaterial": "none",
      "recipeLabel": "進階長矛\nSmithing Lv.2 已解鎖",
      "disabledReason": [
        "工作台目前未營業，請於 08:00–18:00 前往。"
      ]
    },
    {
      "available": true,
      "text": "工作台 實際工作台 雜貨店 · 服務時間 08:00–18:00。 選擇配方 木石長矛 Smithing Lv.1 已解鎖 進階長矛 Smithing Lv.2 已解鎖 鎖甲 Smithing Lv.2 已解鎖 鐵短劍 Smithing Lv.5 解鎖 進階長矛 影響素材 素材會消耗 1 份，依選擇調整詞綴權重或條件式特性機率；不保證指定結果。品質機率只依鍛造熟練度能力調整。 不使用素材 🦴 狼牙 · 持有 0 🌙 月石 · 持有 0 成品 獵矛 · 武器 · Lv.3 材料 木材 ×4 ／持有 4 石材 ×3 ／持有 0 費用 6 金 ／持有 57 體力與時間 體力 12 ／目前 74 · 60 分鐘 鍛造熟練度 需求 Lv.2 ／目前 Lv.2 品質能力 目前使用基礎品質權重 · 普通 60%、精良 27%、稀有 10%、史詩 2.8%、傳說 0.2% 成功練習 成功後鍛造熟練 +10 XP，上限 Lv.5 下一個品質能力：Smithing Lv.3 可達最低精良。 下一項配方目標：Smithing Lv.5 解鎖鐵短劍。 工作台目前未營業，請於 08:00–18:00 前往。 製作進階長矛",
      "inputRows": [
        "木材 ×4 ／持有 4",
        "石材 ×3 ／持有 0"
      ],
      "recipeControls": 1,
      "materialControls": 3,
      "selectedRecipe": "fieldSpear",
      "selectedMaterial": "none",
      "recipeLabel": "進階長矛\nSmithing Lv.2 已解鎖",
      "disabledReason": [
        "工作台目前未營業，請於 08:00–18:00 前往。"
      ]
    },
    {
      "available": true,
      "text": "工作台 實際工作台 雜貨店 · 服務時間 08:00–18:00。 選擇配方 木石長矛 Smithing Lv.1 已解鎖 進階長矛 Smithing Lv.2 已解鎖 鎖甲 Smithing Lv.2 已解鎖 鐵短劍 Smithing Lv.5 解鎖 進階長矛 影響素材 素材會消耗 1 份，依選擇調整詞綴權重或條件式特性機率；不保證指定結果。品質機率只依鍛造熟練度能力調整。 不使用素材 🦴 狼牙 · 持有 0 🌙 月石 · 持有 0 成品 獵矛 · 武器 · Lv.3 材料 木材 ×4 ／持有 4 石材 ×3 ／持有 2 費用 6 金 ／持有 61 體力與時間 體力 12 ／目前 64 · 60 分鐘 鍛造熟練度 需求 Lv.2 ／目前 Lv.2 品質能力 目前使用基礎品質權重 · 普通 60%、精良 27%、稀有 10%、史詩 2.8%、傳說 0.2% 成功練習 成功後鍛造熟練 +10 XP，上限 Lv.5 下一個品質能力：Smithing Lv.3 可達最低精良。 下一項配方目標：Smithing Lv.5 解鎖鐵短劍。 工作台目前未營業，請於 08:00–18:00 前往。 製作進階長矛",
      "inputRows": [
        "木材 ×4 ／持有 4",
        "石材 ×3 ／持有 2"
      ],
      "recipeControls": 1,
      "materialControls": 3,
      "selectedRecipe": "fieldSpear",
      "selectedMaterial": "none",
      "recipeLabel": "進階長矛\nSmithing Lv.2 已解鎖",
      "disabledReason": [
        "工作台目前未營業，請於 08:00–18:00 前往。"
      ]
    },
    {
      "available": true,
      "text": "工作台 實際工作台 雜貨店 · 服務時間 08:00–18:00。 選擇配方 木石長矛 Smithing Lv.1 已解鎖 進階長矛 Smithing Lv.2 已解鎖 鎖甲 Smithing Lv.2 已解鎖 鐵短劍 Smithing Lv.5 解鎖 進階長矛 影響素材 素材會消耗 1 份，依選擇調整詞綴權重或條件式特性機率；不保證指定結果。品質機率只依鍛造熟練度能力調整。 不使用素材 🦴 狼牙 · 持有 0 🌙 月石 · 持有 0 成品 獵矛 · 武器 · Lv.3 材料 木材 ×4 ／持有 4 石材 ×3 ／持有 4 費用 6 金 ／持有 65 體力與時間 體力 12 ／目前 54 · 60 分鐘 鍛造熟練度 需求 Lv.2 ／目前 Lv.2 品質能力 目前使用基礎品質權重 · 普通 60%、精良 27%、稀有 10%、史詩 2.8%、傳說 0.2% 成功練習 成功後鍛造熟練 +10 XP，上限 Lv.5 下一個品質能力：Smithing Lv.3 可達最低精良。 下一項配方目標：Smithing Lv.5 解鎖鐵短劍。 工作台目前未營業，請於 08:00–18:00 前往。 製作進階長矛",
      "inputRows": [
        "木材 ×4 ／持有 4",
        "石材 ×3 ／持有 4"
      ],
      "recipeControls": 1,
      "materialControls": 3,
      "selectedRecipe": "fieldSpear",
      "selectedMaterial": "none",
      "recipeLabel": "進階長矛\nSmithing Lv.2 已解鎖",
      "disabledReason": [
        "工作台目前未營業，請於 08:00–18:00 前往。"
      ]
    },
    {
      "available": true,
      "text": "工作台 實際工作台 雜貨店 · 服務時間 08:00–18:00。 選擇配方 木石長矛 Smithing Lv.1 已解鎖 進階長矛 Smithing Lv.2 已解鎖 鎖甲 Smithing Lv.2 已解鎖 鐵短劍 Smithing Lv.5 解鎖 進階長矛 影響素材 素材會消耗 1 份，依選擇調整詞綴權重或條件式特性機率；不保證指定結果。品質機率只依鍛造熟練度能力調整。 不使用素材 🦴 狼牙 · 持有 0 🌙 月石 · 持有 0 成品 獵矛 · 武器 · Lv.3 材料 木材 ×4 ／持有 4 石材 ×3 ／持有 4 費用 6 金 ／持有 65 體力與時間 體力 12 ／目前 84 · 60 分鐘 鍛造熟練度 需求 Lv.2 ／目前 Lv.2 品質能力 目前使用基礎品質權重 · 普通 60%、精良 27%、稀有 10%、史詩 2.8%、傳說 0.2% 成功練習 成功後鍛造熟練 +10 XP，上限 Lv.5 下一個品質能力：Smithing Lv.3 可達最低精良。 下一項配方目標：Smithing Lv.5 解鎖鐵短劍。 製作進階長矛",
      "inputRows": [
        "木材 ×4 ／持有 4",
        "石材 ×3 ／持有 4"
      ],
      "recipeControls": 1,
      "materialControls": 3,
      "selectedRecipe": "fieldSpear",
      "selectedMaterial": "none",
      "recipeLabel": "進階長矛\nSmithing Lv.2 已解鎖",
      "disabledReason": []
    },
    {
      "available": true,
      "text": "工作台 實際工作台 雜貨店 · 服務時間 08:00–18:00。 選擇配方 木石長矛 Smithing Lv.1 已解鎖 進階長矛 Smithing Lv.2 已解鎖 鎖甲 Smithing Lv.2 已解鎖 鐵短劍 Smithing Lv.5 解鎖 鎖甲 影響素材 素材會消耗 1 份，依選擇調整詞綴權重或條件式特性機率；不保證指定結果。品質機率只依鍛造熟練度能力調整。 不使用素材 🐺 狼皮 · 持有 0 成品 鎖甲 · 防具 · Lv.3 材料 鐵礦 ×2 ／持有 0 木材 ×1 ／持有 0 費用 8 金 ／持有 59 體力與時間 體力 12 ／目前 72 · 60 分鐘 鍛造熟練度 需求 Lv.2 ／目前 Lv.2 品質能力 目前使用基礎品質權重 · 普通 60%、精良 27%、稀有 10%、史詩 2.8%、傳說 0.2% 成功練習 成功後鍛造熟練 +10 XP，上限 Lv.5 下一個品質能力：Smithing Lv.3 可達最低精良。 下一項配方目標：Smithing Lv.5 解鎖鐵短劍。 鍛造材料不足。 製作鎖甲",
      "inputRows": [
        "鐵礦 ×2 ／持有 0",
        "木材 ×1 ／持有 0"
      ],
      "recipeControls": 1,
      "materialControls": 2,
      "selectedRecipe": "fieldArmor",
      "selectedMaterial": "none",
      "recipeLabel": "鎖甲\nSmithing Lv.2 已解鎖",
      "disabledReason": [
        "鍛造材料不足。"
      ]
    },
    {
      "available": true,
      "text": "工作台 實際工作台 雜貨店 · 服務時間 08:00–18:00。 選擇配方 木石長矛 Smithing Lv.1 已解鎖 進階長矛 Smithing Lv.2 已解鎖 鎖甲 Smithing Lv.2 已解鎖 鐵短劍 Smithing Lv.5 解鎖 鎖甲 影響素材 素材會消耗 1 份，依選擇調整詞綴權重或條件式特性機率；不保證指定結果。品質機率只依鍛造熟練度能力調整。 不使用素材 🐺 狼皮 · 持有 0 成品 鎖甲 · 防具 · Lv.3 材料 鐵礦 ×2 ／持有 2 木材 ×1 ／持有 0 費用 8 金 ／持有 63 體力與時間 體力 12 ／目前 62 · 60 分鐘 鍛造熟練度 需求 Lv.2 ／目前 Lv.2 品質能力 目前使用基礎品質權重 · 普通 60%、精良 27%、稀有 10%、史詩 2.8%、傳說 0.2% 成功練習 成功後鍛造熟練 +10 XP，上限 Lv.5 下一個品質能力：Smithing Lv.3 可達最低精良。 下一項配方目標：Smithing Lv.5 解鎖鐵短劍。 鍛造材料不足。 製作鎖甲",
      "inputRows": [
        "鐵礦 ×2 ／持有 2",
        "木材 ×1 ／持有 0"
      ],
      "recipeControls": 1,
      "materialControls": 2,
      "selectedRecipe": "fieldArmor",
      "selectedMaterial": "none",
      "recipeLabel": "鎖甲\nSmithing Lv.2 已解鎖",
      "disabledReason": [
        "鍛造材料不足。"
      ]
    },
    {
      "available": true,
      "text": "工作台 實際工作台 雜貨店 · 服務時間 08:00–18:00。 選擇配方 木石長矛 Smithing Lv.1 已解鎖 進階長矛 Smithing Lv.2 已解鎖 鎖甲 Smithing Lv.2 已解鎖 鐵短劍 Smithing Lv.5 解鎖 鎖甲 影響素材 素材會消耗 1 份，依選擇調整詞綴權重或條件式特性機率；不保證指定結果。品質機率只依鍛造熟練度能力調整。 不使用素材 🐺 狼皮 · 持有 0 成品 鎖甲 · 防具 · Lv.3 材料 鐵礦 ×2 ／持有 2 木材 ×1 ／持有 2 費用 8 金 ／持有 67 體力與時間 體力 12 ／目前 52 · 60 分鐘 鍛造熟練度 需求 Lv.2 ／目前 Lv.2 品質能力 目前使用基礎品質權重 · 普通 60%、精良 27%、稀有 10%、史詩 2.8%、傳說 0.2% 成功練習 成功後鍛造熟練 +10 XP，上限 Lv.5 下一個品質能力：Smithing Lv.3 可達最低精良。 下一項配方目標：Smithing Lv.5 解鎖鐵短劍。 製作鎖甲",
      "inputRows": [
        "鐵礦 ×2 ／持有 2",
        "木材 ×1 ／持有 2"
      ],
      "recipeControls": 1,
      "materialControls": 2,
      "selectedRecipe": "fieldArmor",
      "selectedMaterial": "none",
      "recipeLabel": "鎖甲\nSmithing Lv.2 已解鎖",
      "disabledReason": []
    },
    {
      "available": true,
      "text": "工作台 實際工作台 雜貨店 · 服務時間 08:00–18:00。 選擇配方 木石長矛 Smithing Lv.1 已解鎖 進階長矛 Smithing Lv.2 已解鎖 鎖甲 Smithing Lv.2 已解鎖 鐵短劍 Smithing Lv.5 解鎖 進階長矛 影響素材 素材會消耗 1 份，依選擇調整詞綴權重或條件式特性機率；不保證指定結果。品質機率只依鍛造熟練度能力調整。 不使用素材 🦴 狼牙 · 持有 0 🌙 月石 · 持有 0 成品 獵矛 · 武器 · Lv.3 材料 木材 ×4 ／持有 1 石材 ×3 ／持有 1 費用 6 金 ／持有 59 體力與時間 體力 12 ／目前 40 · 60 分鐘 鍛造熟練度 需求 Lv.2 ／目前 Lv.2 品質能力 目前使用基礎品質權重 · 普通 60%、精良 27%、稀有 10%、史詩 2.8%、傳說 0.2% 成功練習 成功後鍛造熟練 +10 XP，上限 Lv.5 下一個品質能力：Smithing Lv.3 可達最低精良。 下一項配方目標：Smithing Lv.5 解鎖鐵短劍。 鍛造材料不足。 製作進階長矛",
      "inputRows": [
        "木材 ×4 ／持有 1",
        "石材 ×3 ／持有 1"
      ],
      "recipeControls": 1,
      "materialControls": 3,
      "selectedRecipe": "fieldSpear",
      "selectedMaterial": "none",
      "recipeLabel": "進階長矛\nSmithing Lv.2 已解鎖",
      "disabledReason": [
        "鍛造材料不足。"
      ]
    },
    {
      "available": true,
      "text": "工作台 實際工作台 雜貨店 · 服務時間 08:00–18:00。 選擇配方 木石長矛 Smithing Lv.1 已解鎖 進階長矛 Smithing Lv.2 已解鎖 鎖甲 Smithing Lv.2 已解鎖 鐵短劍 Smithing Lv.5 解鎖 進階長矛 影響素材 素材會消耗 1 份，依選擇調整詞綴權重或條件式特性機率；不保證指定結果。品質機率只依鍛造熟練度能力調整。 不使用素材 🦴 狼牙 · 持有 0 🌙 月石 · 持有 0 成品 獵矛 · 武器 · Lv.3 材料 木材 ×4 ／持有 4 石材 ×3 ／持有 1 費用 6 金 ／持有 63 體力與時間 體力 12 ／目前 30 · 60 分鐘 鍛造熟練度 需求 Lv.2 ／目前 Lv.2 品質能力 目前使用基礎品質權重 · 普通 60%、精良 27%、稀有 10%、史詩 2.8%、傳說 0.2% 成功練習 成功後鍛造熟練 +10 XP，上限 Lv.5 下一個品質能力：Smithing Lv.3 可達最低精良。 下一項配方目標：Smithing Lv.5 解鎖鐵短劍。 鍛造材料不足。 製作進階長矛",
      "inputRows": [
        "木材 ×4 ／持有 4",
        "石材 ×3 ／持有 1"
      ],
      "recipeControls": 1,
      "materialControls": 3,
      "selectedRecipe": "fieldSpear",
      "selectedMaterial": "none",
      "recipeLabel": "進階長矛\nSmithing Lv.2 已解鎖",
      "disabledReason": [
        "鍛造材料不足。"
      ]
    },
    {
      "available": true,
      "text": "工作台 實際工作台 雜貨店 · 服務時間 08:00–18:00。 選擇配方 木石長矛 Smithing Lv.1 已解鎖 進階長矛 Smithing Lv.2 已解鎖 鎖甲 Smithing Lv.2 已解鎖 鐵短劍 Smithing Lv.5 解鎖 進階長矛 影響素材 素材會消耗 1 份，依選擇調整詞綴權重或條件式特性機率；不保證指定結果。品質機率只依鍛造熟練度能力調整。 不使用素材 🦴 狼牙 · 持有 0 🌙 月石 · 持有 0 成品 獵矛 · 武器 · Lv.3 材料 木材 ×4 ／持有 4 石材 ×3 ／持有 3 費用 6 金 ／持有 67 體力與時間 體力 12 ／目前 20 · 60 分鐘 鍛造熟練度 需求 Lv.2 ／目前 Lv.2 品質能力 目前使用基礎品質權重 · 普通 60%、精良 27%、稀有 10%、史詩 2.8%、傳說 0.2% 成功練習 成功後鍛造熟練 +10 XP，上限 Lv.5 下一個品質能力：Smithing Lv.3 可達最低精良。 下一項配方目標：Smithing Lv.5 解鎖鐵短劍。 製作進階長矛",
      "inputRows": [
        "木材 ×4 ／持有 4",
        "石材 ×3 ／持有 3"
      ],
      "recipeControls": 1,
      "materialControls": 3,
      "selectedRecipe": "fieldSpear",
      "selectedMaterial": "none",
      "recipeLabel": "進階長矛\nSmithing Lv.2 已解鎖",
      "disabledReason": []
    },
    {
      "available": true,
      "text": "工作台 實際工作台 雜貨店 · 服務時間 08:00–18:00。 選擇配方 木石長矛 Smithing Lv.1 已解鎖 進階長矛 Smithing Lv.2 已解鎖 鎖甲 Smithing Lv.2 已解鎖 鐵短劍 Smithing Lv.5 解鎖 鎖甲 影響素材 素材會消耗 1 份，依選擇調整詞綴權重或條件式特性機率；不保證指定結果。品質機率只依鍛造熟練度能力調整。 不使用素材 🐺 狼皮 · 持有 0 成品 鎖甲 · 防具 · Lv.3 材料 鐵礦 ×2 ／持有 0 木材 ×1 ／持有 0 費用 8 金 ／持有 53 體力與時間 體力 12 ／目前 84 · 60 分鐘 鍛造熟練度 需求 Lv.2 ／目前 Lv.2 品質能力 目前使用基礎品質權重 · 普通 60%、精良 27%、稀有 10%、史詩 2.8%、傳說 0.2% 成功練習 成功後鍛造熟練 +10 XP，上限 Lv.5 下一個品質能力：Smithing Lv.3 可達最低精良。 下一項配方目標：Smithing Lv.5 解鎖鐵短劍。 工作台目前未營業，請於 08:00–18:00 前往。 製作鎖甲",
      "inputRows": [
        "鐵礦 ×2 ／持有 0",
        "木材 ×1 ／持有 0"
      ],
      "recipeControls": 1,
      "materialControls": 2,
      "selectedRecipe": "fieldArmor",
      "selectedMaterial": "none",
      "recipeLabel": "鎖甲\nSmithing Lv.2 已解鎖",
      "disabledReason": [
        "工作台目前未營業，請於 08:00–18:00 前往。"
      ]
    },
    {
      "available": true,
      "text": "工作台 實際工作台 雜貨店 · 服務時間 08:00–18:00。 選擇配方 木石長矛 Smithing Lv.1 已解鎖 進階長矛 Smithing Lv.2 已解鎖 鎖甲 Smithing Lv.2 已解鎖 鐵短劍 Smithing Lv.5 解鎖 鎖甲 影響素材 素材會消耗 1 份，依選擇調整詞綴權重或條件式特性機率；不保證指定結果。品質機率只依鍛造熟練度能力調整。 不使用素材 🐺 狼皮 · 持有 0 成品 鎖甲 · 防具 · Lv.3 材料 鐵礦 ×2 ／持有 3 木材 ×1 ／持有 0 費用 8 金 ／持有 57 體力與時間 體力 12 ／目前 74 · 60 分鐘 鍛造熟練度 需求 Lv.2 ／目前 Lv.2 品質能力 目前使用基礎品質權重 · 普通 60%、精良 27%、稀有 10%、史詩 2.8%、傳說 0.2% 成功練習 成功後鍛造熟練 +10 XP，上限 Lv.5 下一個品質能力：Smithing Lv.3 可達最低精良。 下一項配方目標：Smithing Lv.5 解鎖鐵短劍。 工作台目前未營業，請於 08:00–18:00 前往。 製作鎖甲",
      "inputRows": [
        "鐵礦 ×2 ／持有 3",
        "木材 ×1 ／持有 0"
      ],
      "recipeControls": 1,
      "materialControls": 2,
      "selectedRecipe": "fieldArmor",
      "selectedMaterial": "none",
      "recipeLabel": "鎖甲\nSmithing Lv.2 已解鎖",
      "disabledReason": [
        "工作台目前未營業，請於 08:00–18:00 前往。"
      ]
    },
    {
      "available": true,
      "text": "工作台 實際工作台 雜貨店 · 服務時間 08:00–18:00。 選擇配方 木石長矛 Smithing Lv.1 已解鎖 進階長矛 Smithing Lv.2 已解鎖 鎖甲 Smithing Lv.2 已解鎖 鐵短劍 Smithing Lv.5 解鎖 鎖甲 影響素材 素材會消耗 1 份，依選擇調整詞綴權重或條件式特性機率；不保證指定結果。品質機率只依鍛造熟練度能力調整。 不使用素材 🐺 狼皮 · 持有 0 成品 鎖甲 · 防具 · Lv.3 材料 鐵礦 ×2 ／持有 3 木材 ×1 ／持有 3 費用 8 金 ／持有 61 體力與時間 體力 12 ／目前 64 · 60 分鐘 鍛造熟練度 需求 Lv.2 ／目前 Lv.2 品質能力 目前使用基礎品質權重 · 普通 60%、精良 27%、稀有 10%、史詩 2.8%、傳說 0.2% 成功練習 成功後鍛造熟練 +10 XP，上限 Lv.5 下一個品質能力：Smithing Lv.3 可達最低精良。 下一項配方目標：Smithing Lv.5 解鎖鐵短劍。 工作台目前未營業，請於 08:00–18:00 前往。 製作鎖甲",
      "inputRows": [
        "鐵礦 ×2 ／持有 3",
        "木材 ×1 ／持有 3"
      ],
      "recipeControls": 1,
      "materialControls": 2,
      "selectedRecipe": "fieldArmor",
      "selectedMaterial": "none",
      "recipeLabel": "鎖甲\nSmithing Lv.2 已解鎖",
      "disabledReason": [
        "工作台目前未營業，請於 08:00–18:00 前往。"
      ]
    }
  ],
  "materialPreviewOptionsByRecipe": {
    "starterSpear": true,
    "fieldSpear": true,
    "fieldArmor": true
  },
  "materialPreviewChoices": [
    {
      "id": "none",
      "label": "不使用素材",
      "influenceCopy": [],
      "plannerDenied": true,
      "denial": [
        "鍛造材料不足。"
      ]
    },
    {
      "id": "wolfFang",
      "label": "🦴 狼牙 · 持有 0",
      "influenceCopy": [
        "詞綴抽選權重增加：裂傷 +4、穿透 +2。素材不改變品質權重或稀有度機率，也不保證指定結果。"
      ],
      "plannerDenied": true,
      "denial": [
        "鍛造材料不足。"
      ]
    },
    {
      "id": "moonStone",
      "label": "🌙 月石 · 持有 0",
      "influenceCopy": [
        "詞綴抽選權重增加：銳利 +4。若成品為傳說武器，月下獵手特性機率 10% → 25%；素材不改變品質權重，也不提高傳說品質機率。"
      ],
      "plannerDenied": true,
      "denial": [
        "鍛造材料不足。"
      ]
    },
    {
      "id": "none",
      "label": "不使用素材",
      "influenceCopy": [],
      "plannerDenied": true,
      "denial": [
        "鍛造材料不足。"
      ]
    },
    {
      "id": "wolfFang",
      "label": "🦴 狼牙 · 持有 0",
      "influenceCopy": [
        "詞綴抽選權重增加：裂傷 +4、穿透 +2。素材不改變品質權重或稀有度機率，也不保證指定結果。"
      ],
      "plannerDenied": true,
      "denial": [
        "鍛造材料不足。"
      ]
    },
    {
      "id": "moonStone",
      "label": "🌙 月石 · 持有 0",
      "influenceCopy": [
        "詞綴抽選權重增加：銳利 +4。若成品為傳說武器，月下獵手特性機率 10% → 25%；素材不改變品質權重，也不提高傳說品質機率。"
      ],
      "plannerDenied": true,
      "denial": [
        "鍛造材料不足。"
      ]
    },
    {
      "id": "none",
      "label": "不使用素材",
      "influenceCopy": [],
      "plannerDenied": true,
      "denial": [
        "鍛造材料不足。"
      ]
    },
    {
      "id": "wolfHide",
      "label": "🐺 狼皮 · 持有 0",
      "influenceCopy": [
        "詞綴抽選權重增加：堅固 +3、格擋 +2。素材不改變品質權重或稀有度機率，也不保證指定結果。"
      ],
      "plannerDenied": true,
      "denial": [
        "鍛造材料不足。"
      ]
    }
  ],
  "crafts": [
    {
      "item": {
        "instanceId": "item-1",
        "ownerId": "alden",
        "baseId": "spear",
        "level": 2,
        "material": null,
        "rarity": "common",
        "affixes": [],
        "rolledStats": {
          "attack": 5,
          "defense": 0,
          "critical": 0,
          "penetration": 0,
          "bleed": 0,
          "block": 0,
          "reduction": 0
        },
        "specialTrait": null,
        "provenance": null,
        "craftProvenance": {
          "recipeId": "starterSpear",
          "createdBy": "alden",
          "createdAt": 734,
          "influenceMaterial": null,
          "masterpiece": false
        }
      },
      "workbench": {
        "available": true,
        "text": "工作台 實際工作台 雜貨店 · 服務時間 08:00–18:00。 選擇配方 木石長矛 Smithing Lv.1 已解鎖 進階長矛 Smithing Lv.2 解鎖 鎖甲 Smithing Lv.2 解鎖 鐵短劍 Smithing Lv.5 解鎖 木石長矛 影響素材 素材會消耗 1 份，依選擇調整詞綴權重或條件式特性機率；不保證指定結果。品質機率只依鍛造熟練度能力調整。 不使用素材 🦴 狼牙 · 持有 0 🌙 月石 · 持有 0 成品 獵矛 · 武器 · Lv.2 材料 木材 ×3 ／持有 4 石材 ×2 ／持有 2 費用 4 金 ／持有 57 體力與時間 體力 10 ／目前 54 · 45 分鐘 鍛造熟練度 需求 Lv.1 ／目前 Lv.1 品質能力 目前使用基礎品質權重 · 普通 60%、精良 27%、稀有 10%、史詩 2.8%、傳說 0.2% 成功練習 成功後鍛造熟練 +10 XP，上限 Lv.3 下一個品質能力：Smithing Lv.3 可達最低精良。 下一項配方目標：Smithing Lv.2 解鎖進階長矛。 製作木石長矛",
        "inputRows": [
          "木材 ×3 ／持有 4",
          "石材 ×2 ／持有 2"
        ],
        "recipeControls": 1,
        "materialControls": 3,
        "selectedRecipe": "starterSpear",
        "selectedMaterial": "none",
        "recipeLabel": "木石長矛\nSmithing Lv.1 已解鎖",
        "disabledReason": [],
        "finalSelection": {
          "recipeId": "starterSpear",
          "recipeAriaPressed": true,
          "materialId": "none",
          "materialAriaPressed": true
        }
      },
      "selectionAndEquipment": {
        "instanceId": "item-1",
        "selected": true,
        "equippedSlots": [
          "weapon"
        ]
      }
    },
    {
      "item": {
        "instanceId": "item-2",
        "ownerId": "alden",
        "baseId": "spear",
        "level": 2,
        "material": null,
        "rarity": "common",
        "affixes": [],
        "rolledStats": {
          "attack": 5,
          "defense": 0,
          "critical": 0,
          "penetration": 0,
          "bleed": 0,
          "block": 0,
          "reduction": 0
        },
        "specialTrait": null,
        "provenance": null,
        "craftProvenance": {
          "recipeId": "starterSpear",
          "createdBy": "alden",
          "createdAt": 961,
          "influenceMaterial": null,
          "masterpiece": false
        }
      },
      "workbench": {
        "available": true,
        "text": "工作台 實際工作台 雜貨店 · 服務時間 08:00–18:00。 選擇配方 木石長矛 Smithing Lv.1 已解鎖 進階長矛 Smithing Lv.2 解鎖 鎖甲 Smithing Lv.2 解鎖 鐵短劍 Smithing Lv.5 解鎖 木石長矛 影響素材 素材會消耗 1 份，依選擇調整詞綴權重或條件式特性機率；不保證指定結果。品質機率只依鍛造熟練度能力調整。 不使用素材 🦴 狼牙 · 持有 0 🌙 月石 · 持有 0 成品 獵矛 · 武器 · Lv.2 材料 木材 ×3 ／持有 3 石材 ×2 ／持有 2 費用 4 金 ／持有 61 體力與時間 體力 10 ／目前 24 · 45 分鐘 鍛造熟練度 需求 Lv.1 ／目前 Lv.1 品質能力 目前使用基礎品質權重 · 普通 60%、精良 27%、稀有 10%、史詩 2.8%、傳說 0.2% 成功練習 成功後鍛造熟練 +10 XP，上限 Lv.3 下一個品質能力：Smithing Lv.3 可達最低精良。 下一項配方目標：Smithing Lv.2 解鎖進階長矛。 製作木石長矛",
        "inputRows": [
          "木材 ×3 ／持有 3",
          "石材 ×2 ／持有 2"
        ],
        "recipeControls": 1,
        "materialControls": 3,
        "selectedRecipe": "starterSpear",
        "selectedMaterial": "none",
        "recipeLabel": "木石長矛\nSmithing Lv.1 已解鎖",
        "disabledReason": [],
        "finalSelection": {
          "recipeId": "starterSpear",
          "recipeAriaPressed": true,
          "materialId": "none",
          "materialAriaPressed": true
        }
      },
      "selectionAndEquipment": {
        "instanceId": "item-2",
        "selected": true,
        "equippedSlots": [
          "weapon"
        ]
      }
    },
    {
      "item": {
        "instanceId": "item-3",
        "ownerId": "alden",
        "baseId": "spear",
        "level": 3,
        "material": null,
        "rarity": "common",
        "affixes": [],
        "rolledStats": {
          "attack": 5,
          "defense": 0,
          "critical": 0,
          "penetration": 0,
          "bleed": 0,
          "block": 0,
          "reduction": 0
        },
        "specialTrait": null,
        "provenance": null,
        "craftProvenance": {
          "recipeId": "fieldSpear",
          "createdBy": "alden",
          "createdAt": 2000,
          "influenceMaterial": null,
          "masterpiece": false
        }
      },
      "workbench": {
        "available": true,
        "text": "工作台 實際工作台 雜貨店 · 服務時間 08:00–18:00。 選擇配方 木石長矛 Smithing Lv.1 已解鎖 進階長矛 Smithing Lv.2 已解鎖 鎖甲 Smithing Lv.2 已解鎖 鐵短劍 Smithing Lv.5 解鎖 進階長矛 影響素材 素材會消耗 1 份，依選擇調整詞綴權重或條件式特性機率；不保證指定結果。品質機率只依鍛造熟練度能力調整。 不使用素材 🦴 狼牙 · 持有 0 🌙 月石 · 持有 0 成品 獵矛 · 武器 · Lv.3 材料 木材 ×4 ／持有 4 石材 ×3 ／持有 4 費用 6 金 ／持有 65 體力與時間 體力 12 ／目前 84 · 60 分鐘 鍛造熟練度 需求 Lv.2 ／目前 Lv.2 品質能力 目前使用基礎品質權重 · 普通 60%、精良 27%、稀有 10%、史詩 2.8%、傳說 0.2% 成功練習 成功後鍛造熟練 +10 XP，上限 Lv.5 下一個品質能力：Smithing Lv.3 可達最低精良。 下一項配方目標：Smithing Lv.5 解鎖鐵短劍。 製作進階長矛",
        "inputRows": [
          "木材 ×4 ／持有 4",
          "石材 ×3 ／持有 4"
        ],
        "recipeControls": 1,
        "materialControls": 3,
        "selectedRecipe": "fieldSpear",
        "selectedMaterial": "none",
        "recipeLabel": "進階長矛\nSmithing Lv.2 已解鎖",
        "disabledReason": [],
        "finalSelection": {
          "recipeId": "fieldSpear",
          "recipeAriaPressed": true,
          "materialId": "none",
          "materialAriaPressed": true
        }
      },
      "selectionAndEquipment": {
        "instanceId": "item-3",
        "selected": true,
        "equippedSlots": [
          "weapon"
        ]
      }
    },
    {
      "item": {
        "instanceId": "item-4",
        "ownerId": "alden",
        "baseId": "chainArmor",
        "level": 3,
        "material": null,
        "rarity": "common",
        "affixes": [],
        "rolledStats": {
          "attack": 0,
          "defense": 4,
          "critical": 0,
          "penetration": 0,
          "bleed": 0,
          "block": 0,
          "reduction": 0
        },
        "specialTrait": null,
        "provenance": null,
        "craftProvenance": {
          "recipeId": "fieldArmor",
          "createdBy": "alden",
          "createdAt": 2251,
          "influenceMaterial": null,
          "masterpiece": false
        }
      },
      "workbench": {
        "available": true,
        "text": "工作台 實際工作台 雜貨店 · 服務時間 08:00–18:00。 選擇配方 木石長矛 Smithing Lv.1 已解鎖 進階長矛 Smithing Lv.2 已解鎖 鎖甲 Smithing Lv.2 已解鎖 鐵短劍 Smithing Lv.5 解鎖 鎖甲 影響素材 素材會消耗 1 份，依選擇調整詞綴權重或條件式特性機率；不保證指定結果。品質機率只依鍛造熟練度能力調整。 不使用素材 🐺 狼皮 · 持有 0 成品 鎖甲 · 防具 · Lv.3 材料 鐵礦 ×2 ／持有 2 木材 ×1 ／持有 2 費用 8 金 ／持有 67 體力與時間 體力 12 ／目前 52 · 60 分鐘 鍛造熟練度 需求 Lv.2 ／目前 Lv.2 品質能力 目前使用基礎品質權重 · 普通 60%、精良 27%、稀有 10%、史詩 2.8%、傳說 0.2% 成功練習 成功後鍛造熟練 +10 XP，上限 Lv.5 下一個品質能力：Smithing Lv.3 可達最低精良。 下一項配方目標：Smithing Lv.5 解鎖鐵短劍。 製作鎖甲",
        "inputRows": [
          "鐵礦 ×2 ／持有 2",
          "木材 ×1 ／持有 2"
        ],
        "recipeControls": 1,
        "materialControls": 2,
        "selectedRecipe": "fieldArmor",
        "selectedMaterial": "none",
        "recipeLabel": "鎖甲\nSmithing Lv.2 已解鎖",
        "disabledReason": [],
        "finalSelection": {
          "recipeId": "fieldArmor",
          "recipeAriaPressed": true,
          "materialId": "none",
          "materialAriaPressed": true
        }
      },
      "selectionAndEquipment": {
        "instanceId": "item-4",
        "selected": true,
        "equippedSlots": [
          "armor"
        ]
      }
    },
    {
      "item": {
        "instanceId": "item-5",
        "ownerId": "alden",
        "baseId": "spear",
        "level": 3,
        "material": null,
        "rarity": "common",
        "affixes": [],
        "rolledStats": {
          "attack": 5,
          "defense": 0,
          "critical": 0,
          "penetration": 0,
          "bleed": 0,
          "block": 0,
          "reduction": 0
        },
        "specialTrait": null,
        "provenance": null,
        "craftProvenance": {
          "recipeId": "fieldSpear",
          "createdBy": "alden",
          "createdAt": 2489,
          "influenceMaterial": null,
          "masterpiece": false
        }
      },
      "workbench": {
        "available": true,
        "text": "工作台 實際工作台 雜貨店 · 服務時間 08:00–18:00。 選擇配方 木石長矛 Smithing Lv.1 已解鎖 進階長矛 Smithing Lv.2 已解鎖 鎖甲 Smithing Lv.2 已解鎖 鐵短劍 Smithing Lv.5 解鎖 進階長矛 影響素材 素材會消耗 1 份，依選擇調整詞綴權重或條件式特性機率；不保證指定結果。品質機率只依鍛造熟練度能力調整。 不使用素材 🦴 狼牙 · 持有 0 🌙 月石 · 持有 0 成品 獵矛 · 武器 · Lv.3 材料 木材 ×4 ／持有 4 石材 ×3 ／持有 3 費用 6 金 ／持有 67 體力與時間 體力 12 ／目前 20 · 60 分鐘 鍛造熟練度 需求 Lv.2 ／目前 Lv.2 品質能力 目前使用基礎品質權重 · 普通 60%、精良 27%、稀有 10%、史詩 2.8%、傳說 0.2% 成功練習 成功後鍛造熟練 +10 XP，上限 Lv.5 下一個品質能力：Smithing Lv.3 可達最低精良。 下一項配方目標：Smithing Lv.5 解鎖鐵短劍。 製作進階長矛",
        "inputRows": [
          "木材 ×4 ／持有 4",
          "石材 ×3 ／持有 3"
        ],
        "recipeControls": 1,
        "materialControls": 3,
        "selectedRecipe": "fieldSpear",
        "selectedMaterial": "none",
        "recipeLabel": "進階長矛\nSmithing Lv.2 已解鎖",
        "disabledReason": [],
        "finalSelection": {
          "recipeId": "fieldSpear",
          "recipeAriaPressed": true,
          "materialId": "none",
          "materialAriaPressed": true
        }
      },
      "selectionAndEquipment": {
        "instanceId": "item-5",
        "selected": true,
        "equippedSlots": [
          "weapon"
        ]
      }
    }
  ],
  "equippedInstances": [
    "item-1",
    "item-2",
    "item-3",
    "item-4",
    "item-5"
  ],
  "optionalSurfaceAvailability": [
    {
      "target": "inn",
      "available": true
    },
    {
      "target": "house",
      "available": true
    },
    {
      "target": "inn",
      "available": true
    },
    {
      "target": "house",
      "available": true
    },
    {
      "target": "house",
      "available": true
    }
  ],
  "error": "Error: Locator.is_visible: Error: strict mode violation: get_by_role(\"button\", name=re.compile(r\"^休息\")) resolved to 2 elements:\n    1) <button class=\"recent-event\">…</button> aka get_by_role(\"button\", name=\"休息後，你恢復了生命與體力。 L\")\n    2) <button class=\"primary\">休息 · 1 小時</button> aka get_by_role(\"button\", name=\"休息 · 1 小時\")\n\nCall log:\n    - checking visibility of get_by_role(\"button\", name=re.compile(r\"^休息\"))\n",
  "failureUTC": "2026-10-07T09:14:12.981565+00:00",
  "browserCleanupErrors": [],
  "sourceAfter": {
    "head": "f9f969c9d3dfa3cbf1c379bec98eafab765b11cc",
    "sourceSha256": {
      "src/App.vue": "6a4cb4bd521c671a5428eae511b1c10270bf1a74355a0cd3dd42cb0cafef1972",
      "src/components/AdventureWindow.vue": "eb6167f033c2c871d0719fb3742319df591feace02bffabe8af5a4802ebfc087",
      "src/components/CharacterSheet.vue": "0905f39da0b3ba52ed2c8c4c852ce08bc96a5e80d925cb64bb1f3dcb5b0d0dbd",
      "src/components/IdentityWindow.vue": "982afc32143581311c9a014236e3e2a75e1a40b8f04f8fe97796c542966f7f06",
      "src/components/InventoryWindow.vue": "12794d34b5d7df1902804f36698c26d58f0c46e3ec8f8bcd4519b075d2ad4609",
      "src/components/LifeNewsWindow.vue": "deeade4eb492f3ac846d5de7755254f6dea86687f136426c888f14b4379bd322",
      "src/components/NpcWindow.vue": "0e930a8dfeec0f4db6cdad0adace75825baa8cc40e09307e1e55c7085cde4cd7",
      "src/components/PixelMeter.vue": "77b69a1b161f6ad7e29a346665a69645a3d8589281e8bc32832f149e41d81ca9",
      "src/components/PixelWindow.vue": "15397996c0984586bd95e6383c647fba88dbb77ec0a9f01e78dc723821e61da4",
      "src/components/PlaceWindow.vue": "815c541a39d79de566e06d4f733d1b138df36c0ba158318e030a6e9ecc82a7d5",
      "src/components/PropertyWindow.vue": "9bd6f8d2a5b00435b6e86c149bf6a7d4bf5343ed2be26e2416772a3aaf0c27d1",
      "src/components/StatusNotice.vue": "6c722ade5aa61f45e5fb2c77c8a8dc15e701173484f3871f7365d7cf9500f6a9",
      "src/components/WorldMap.vue": "37de32ea49da36d4e74c9ced377adbe280fa45cb60fdf69d8a5c39a260719a5f",
      "src/components/WorldRecords.vue": "424365a02880ce6767ffc9e9769e5a0f61905c0fc046753d8fc80f5bfadaaed8",
      "src/data/config.ts": "3e6295be41dbc66f092133f75b6c0dc7a5181cdfbb94de7cf8e908d09fdf7bd7",
      "src/data/crafting.ts": "a6946d02a5783c52e672bc25abc33202830f98983488e7f0df2ee1984d7c86f9",
      "src/data/identity.ts": "0acc09bbd1f9d9c4e057b2bdca01fa202730e868325cb873286c5c31a809dae0",
      "src/data/lifeRules.ts": "07b9ab1836c6d96077a4a6aaedd7f5d7abec6f1b5132bc5203da1d1e9291e1b3",
      "src/data/livingEvents.ts": "768aaee2a9d1e8b9919163059d36a494f5071bf7a0568bfe7b0c80f735d03bc1",
      "src/data/npcLife.ts": "5089f01033570e33528b63538a06a3f0645735b8c8c884d8f2c54a900a937b4f",
      "src/data/ownership.ts": "32b4133d753764952905da43276cd1cd56ea26f32e44b4b540225dc8f59140f2",
      "src/data/rewards.ts": "f2d60b4eb0c7d3349e242b6c2a81853e92cf5b74e25e1be071cf839fd6c98cd5",
      "src/domain/life.ts": "db2eff0c1eb6d3ae310f39d8df5a6bf40b125193741a25b9bbe652c4640de72a",
      "src/domain/reward.ts": "fb7463d0327e73097979d5ccd6823b10b0f0d9d14280974215ba6459eb899c0a",
      "src/domain/types.ts": "7a06eb4f36d44561a3b13a0729800b1776583bc555680814931b59f6cb775400",
      "src/engine/actions.test.ts": "81b2f116cb18daf5525fd79a2246863bc3e4e36214f9caac466e4f820d9e37ba",
      "src/engine/actions.ts": "96146f525b5f87cc1ecd394594c46fbf7da2a76c265d3344e17f6feec3e6e100",
      "src/engine/calendar.ts": "e587ce1d1e149fea987f5a3ab6013872528d5d74beafcb0f40d2fe476abf5524",
      "src/engine/combatStats.test.ts": "896b7517b4a2bcb4671b4d17188f0823edfe290e3826fc21f3bc94fe0f062bea",
      "src/engine/combatStats.ts": "d7235e4c59edc77aec368f940e8825712672cc3fcd49e83c7c901c5f049db34f",
      "src/engine/crafting.test.ts": "240458a3586c98449282e388709af4b230d1301330f31c76dd53289d1875126c",
      "src/engine/crafting.ts": "d5abd71325252cfad846680cbdd3d844b78ab326bffea14e3314f618737a3491",
      "src/engine/events.ts": "e2b781ad3f99cfc2b20f58ce561b2bf9c489c417512f4c7b209e02e3d5d2a1b1",
      "src/engine/gameLoop.test.ts": "96c76b875cedace6ab191a95e0b01285a024723691c1ebaca3ae76407492258d",
      "src/engine/gameLoop.ts": "016305d39fe6746347f783723e0f6e6d53f387766d3ca899816d618e9ab2d941",
      "src/engine/gearStats.ts": "66fa786c0c3e81cc317033181a0f11d9ef987c15f943e0960ec20a668eff0702",
      "src/engine/identity.test.ts": "5dc96ec9abf767c0e9202429cabebedefeb3bc0237ebe519c4d9feeccda2a07f",
      "src/engine/identity.ts": "2d7596a712c16940a590bdf47edd288fc965f429304889e0be3b09969d61119e",
      "src/engine/itemGeneration.test.ts": "2b09ecb49724820a5187a26099f654a00b0457a0d0f8e50609562ff26f5d39e2",
      "src/engine/itemGeneration.ts": "87be6646c4aa67a8d6443586373e848d0d8ffabad72b9752825224cb170fff71",
      "src/engine/lifeIntegration.test.ts": "c9e702a8819e0d372aff7411f45a85ebc1e829dfc6f1e753b728863a21f56a16",
      "src/engine/lifeState.ts": "bd7697bcb564061cd00ff7fc14373625c30d2a7de06473b8f97bffb4c61b3c58",
      "src/engine/livingEvents.test.ts": "cfbb5b99724fe0de53428c80378249b1063084f2dee6f9d85652b950979c10c0",
      "src/engine/livingEvents.ts": "afd535e634752a328d7ae3e0daa3d93cf07c4f7c2473705ed64d3058f02867f4",
      "src/engine/lod.ts": "325c339270bc38b55bf9e5185f9f502e3934a1055ece7f1b67fb448743fe5df4",
      "src/engine/npcLife.test.ts": "8bbe40ae3b0a87926c7d65a53d079931b59bdd26ac8489148518c188a466a9dc",
      "src/engine/npcLife.ts": "7f2fe08b29c5ee145a06c3623b19b663fcd7251bdfa5c3a7bfe19bc393bf5c28",
      "src/engine/ownership.test.ts": "b339812b317032d3cf497e53c139c6397cc829ad5f5d50859897306acb2de725",
      "src/engine/ownership.ts": "fef2361be0a18221e7d50d17d97c82b64df360c257cc0598684842c9295f5526",
      "src/engine/random.ts": "b0844202733996c5dd2f123a32ad800c433b22c02ddf0e744c163e880b612734",
      "src/engine/rewardActions.test.ts": "0b8972f23231416b0cff9d4f8af8d8cc4c79804bdb1a971c437e0581ca5a7c7f",
      "src/engine/rewardActions.ts": "e65c62d7477347152fa63cf208aaa06f76cd69371ca79cbdebb541cb7553f4c1",
      "src/engine/rewardState.ts": "2bc667870966beec916017a865f8e8cbf7b9893b31fe33823fec98305df5d901",
      "src/engine/simulation.test.ts": "a0808a2c3a02ea77382e0c29cd931e175f71e3201fc0827ae177c2af320d3b4e",
      "src/engine/simulation.ts": "82c84768ca89a87efa0beb6ba0c846bb60bf5a652c888ff243130a3de04ce6e3",
      "src/engine/wolfFamily.test.ts": "9d1aa4f13c4582c317dd4e91b6a3cf32db1ea33e8adeef4a54097ecf4355716f",
      "src/engine/wolfFamily.ts": "1c1c18f12926a13f804ae215e60349e0c69e2dcb0e5c8d26518b11eeb7197ed7",
      "src/main.ts": "d40986b5fc51412d180baf7fd19e010611819486787be3a901e22315f3ae34a4",
      "src/presentation/craftingProjection.test.ts": "9e267bcd768b9ee7238ff6c6c7e669df5b7fa987fd872c7bf2848aee5d1090ce",
      "src/presentation/craftingProjection.ts": "26e70a094527b49ed17cf4e8a802d8e32f145789b13cb78d5b1825d70ce80dbf",
      "src/presentation/icons.ts": "765708954fb2796d5a31715a4f66e9036672417b61aad5e80ccdddaf2231a135",
      "src/presentation/lifeProjection.test.ts": "fa6c4282aedc420b300baf2d283bf11222b3cd806a4e4b7dbf8c77269a95292a",
      "src/presentation/lifeProjection.ts": "07c2f4a68e2ce095c8eb352db85a22d0481e9cf6131c1440da950f765b0e24f4",
      "src/presentation/rewardProjection.test.ts": "cb54650c0885c3c1c245a9eb7d599fa63589f7543fb1c7514fd570d6e1244d86",
      "src/presentation/rewardProjection.ts": "969498139ed5fa7b221378d939032d7948904c242ea3d3691657728293603d92",
      "src/presentation/worldProjection.test.ts": "ac09f1dd5fd910f21f54f2475de22aaab72c8ba5be3b974d90913cde7910bad4",
      "src/presentation/worldProjection.ts": "06d76b4946a11de5ef28d3fa4a6966a0a2a0e0859c43370009b4ad30d2dcc73b",
      "src/presentation/worldUI.test.ts": "2f3df8b838778eabfb17e3364c37905b3a2ab043ebba3ad1500c911cce7e4e6e",
      "src/presentation/worldUI.ts": "a0abdb1cc227cf4d60e7bb3c1531fc555dff800d462b74be312f67c562e6c91e",
      "src/services/playJournal.test.ts": "94a17d9de5df2bcdc87a4584e7fbb021a021b4aa0e61de97519288b70ba765b9",
      "src/services/playJournal.ts": "92d55ee79abe39e0e0c83fd2cc54243559517f787cfe23262486810f45163940",
      "src/services/rewardSave.test.ts": "ebd8476dc3500e310fc214877a47cc5edfcd11cdd4f7a5be6d6dfa66ec88349e",
      "src/services/rewardValidation.ts": "039cab272c301f7d91d2ba49cade91ea0751d80bbb8957a20692e8e723a24171",
      "src/services/saveService.test.ts": "c0019a9e290787c10c31143d292a7ef78b1d460c6a22f5962dd0969782c71277",
      "src/services/saveService.ts": "27af78b529a5f464d5ccafd13a0a187cacebfa3d962787a106c60821d10e068a",
      "src/services/saveWriter.ts": "0703016eb96d12bb843f0b04b6e21b6568bf7f9b44defc59e340896c675ff43b",
      "src/stores/gameStore.test.ts": "7f1b8f4cf703f448802a54da7edfb3844c66765e2621b20bc445bda67b5bd840",
      "src/stores/gameStore.ts": "b5d18a378cf4b05d05a37a2825e7eff045fd1ef68ac0714076b8f7c049bf5ac2",
      "src/style.scss": "39ff3ebf848b580a2e80da3a65860bf9f401623deae77efe161d80ad123a9f46"
    },
    "sourceFingerprint": "64118ae0a53e69a897ba5bf0611da3d913d75b0861c80d56f95729feebba12cb",
    "buildInputsSha256": {
      "package.json": "e44cbba601836e8b2adc8e872caba3ce665c6b21873aeee153fc729099625f80",
      "package-lock.json": "cd8379969a4ee99f80434dce4c7afff4fcf52290aa9d40ba4668c5165dbdc53d",
      "tsconfig.json": "2f45629d03f844524c3b19b580db910c7c120e4e0d06b00eae6f73e829d968b0",
      "vite.config.ts": "f5e64ccf326c3dd505ea11a18e691d1bc5b698d9bd130b234a788fc3c9017366",
      "index.html": "bfa28297eece5f57e38878097b4db8b481d5fcee44442da76244e0bb3dffb794"
    },
    "buildInputsFingerprint": "953400b45ba7b923fe1f99ec590543615929d91e42782cd5c58ee3d75f739b71",
    "distSha256": {
      "dist/assets/index-D5p_OlSI.js": "463c9612fa7a4a7026d5247e10371c36142bfbd4d54046a9543e1e9ebbf9c146",
      "dist/assets/index-N61qMvza.css": "230de3747a4d005dcba6d2984cd2930d9f6430e59ff7eb4d119a3befeadff20e",
      "dist/index.html": "02dfd359e60ae0cde25de6bbbddb2369ac3633b7916d97b9e3fa1c3fce96741f"
    },
    "distFingerprint": "6824067c45cb8bcda82376c05fa763e1ca109d3be1dbdc8815b00549e5371d16",
    "buildStatusPath": "/workspace/plw-rpg/reports/v2/20261007-life-craftsmanship/phase-05/build-status.json",
    "buildStatusSha256": "29b54af491df360466d61e43da51e4ac22b94f333d0c46aa90def67da85aa442",
    "ownedHarnessAndHelperSha256": {
      "reports/v2/20261007-life-craftsmanship/phase-05/phase05_browser_launcher.py": "84c7f4429196180787be2de52b6cf05817078e41faac984813c6472125823297",
      "reports/v2/20261007-life-craftsmanship/phase-05/phase05_browser_driver.py": "fbb1af096b0b83b7d14f6da20a88e02ac264298183ec93ec15dc4a66375c0f12",
      "reports/v2/20261007-life-craftsmanship/phase-05/phase05_browser_support.py": "8572bdf613f7840d5818e7ec0de844c3f4501ce70fe66df71986c0a1e1f6572c"
    },
    "recordedReportsSha256": "bc09dc981267e9cdfaf63103b260c052417b2ff675e551cd2677986f9231962b"
  },
  "sourceStableDuringRun": true,
  "endUTC": "2026-10-07T09:14:13.088084+00:00",
  "durationSeconds": 39.88
}
