
> plw-rpg@0.1.0 check
> npm run test && npm run build


> plw-rpg@0.1.0 test
> vitest run


 RUN  v4.1.11 /workspace/plw-rpg


 Test Files  6 passed (6)
      Tests  90 passed (90)
   Start at  01:00:33
   Duration  984ms (transform 381ms, setup 0ms, import 649ms, tests 1.05s, environment 2ms)

npm notice
npm notice New major version of npm available! 11.9.0 -> 12.2.0
npm notice Changelog: https://github.com/npm/cli/releases/tag/v12.2.0
npm notice To update run: npm install -g npm@12.2.0
npm notice

> plw-rpg@0.1.0 build
> vue-tsc --noEmit && vite build

vite v7.3.6 building client environment for production...
transforming...
✓ 49 modules transformed.
rendering chunks...
computing gzip size...
dist/index.html                   0.45 kB │ gzip:  0.31 kB
dist/assets/index-B0QR5Rvd.css   19.08 kB │ gzip:  4.72 kB
dist/assets/index-9BB7fMEh.js   145.49 kB │ gzip: 54.27 kB
✓ built in 1.30s
npm notice
npm notice New major version of npm available! 11.9.0 -> 12.2.0
npm notice Changelog: https://github.com/npm/cli/releases/tag/v12.2.0
npm notice To update run: npm install -g npm@12.2.0
npm notice
npm notice
npm notice New major version of npm available! 11.9.0 -> 12.2.0
npm notice Changelog: https://github.com/npm/cli/releases/tag/v12.2.0
npm notice To update run: npm install -g npm@12.2.0
npm notice
