
> plw-rpg@0.1.0 check
> npm run test && npm run build


> plw-rpg@0.1.0 test
> vitest run


 RUN  v4.1.11 /workspace/plw-rpg


 Test Files  7 passed (7)
      Tests  143 passed (143)
   Start at  14:08:30
   Duration  1.21s (transform 399ms, setup 0ms, import 629ms, tests 1.96s, environment 3ms)

npm notice
npm notice New major version of npm available! 11.9.0 -> 12.2.0
npm notice Changelog: https://github.com/npm/cli/releases/tag/v12.2.0
npm notice To update run: npm install -g npm@12.2.0
npm notice

> plw-rpg@0.1.0 build
> vue-tsc --noEmit && vite build

vite v7.3.6 building client environment for production...
transforming...
✓ 50 modules transformed.
rendering chunks...
computing gzip size...
dist/index.html                   0.45 kB │ gzip:  0.31 kB
dist/assets/index-B0QR5Rvd.css   19.08 kB │ gzip:  4.72 kB
dist/assets/index-BicP0bQ_.js   151.47 kB │ gzip: 56.58 kB
✓ built in 1.20s
npm notice
npm notice New major version of npm available! 11.9.0 -> 12.2.0
npm notice Changelog: https://github.com/npm/cli/releases/tag/v12.2.0
npm notice To update run: npm install -g npm@12.2.0
npm notice
npm notice
npm notice New major version of npm available! 11.9.0 -> 12.2.0
npm notice Changelog: https://github.com/npm/cli/releases/tag/v12.2.0
npm notice To update run: npm install -g npm@12.2.0
npm notice
