
> plw-rpg@0.1.0 check
> npm run test && npm run build


> plw-rpg@0.1.0 test
> vitest run


 RUN  v4.1.11 /workspace/plw-rpg


 Test Files  14 passed (14)
      Tests  222 passed (222)
   Start at  23:00:51
   Duration  8.78s (transform 874ms, setup 0ms, import 1.36s, tests 17.63s, environment 6ms)

npm notice
npm notice New major version of npm available! 11.9.0 -> 12.2.0
npm notice Changelog: https://github.com/npm/cli/releases/tag/v12.2.0
npm notice To update run: npm install -g npm@12.2.0
npm notice

> plw-rpg@0.1.0 build
> vue-tsc --noEmit && vite build

vite v7.3.6 building client environment for production...
transforming...
✓ 68 modules transformed.
rendering chunks...
computing gzip size...
dist/index.html                   0.45 kB │ gzip:  0.31 kB
dist/assets/index-CEjw7W01.css   25.85 kB │ gzip:  5.84 kB
dist/assets/index-3j-oQD-G.js   221.16 kB │ gzip: 80.69 kB
✓ built in 1.41s
npm notice
npm notice New major version of npm available! 11.9.0 -> 12.2.0
npm notice Changelog: https://github.com/npm/cli/releases/tag/v12.2.0
npm notice To update run: npm install -g npm@12.2.0
npm notice
npm notice
npm notice New major version of npm available! 11.9.0 -> 12.2.0
npm notice Changelog: https://github.com/npm/cli/releases/tag/v12.2.0
npm notice To update run: npm install -g npm@12.2.0
npm notice
