
 RUN  v4.1.11 /workspace/plw-rpg

 ❯ src/services/saveService.test.ts (74 tests | 5 failed | 69 skipped) 35ms
     × rejects coercible arrays where a V2 origin enum string is required 13ms
     × rejects coercible arrays where a V2 identity enum string is required 6ms
     × rejects coercible arrays where a V2 trait enum string is required 4ms
     × rejects coercible arrays where a V2 career enum string is required 4ms
     × validates a complete V1 world before migration and preserves every legacy world field and RNG 6ms

⎯⎯⎯⎯⎯⎯⎯ Failed Tests 5 ⎯⎯⎯⎯⎯⎯⎯

 FAIL  src/services/saveService.test.ts > versioned saves and deterministic continuation > rejects coercible arrays where a V2 origin enum string is required
 FAIL  src/services/saveService.test.ts > versioned saves and deterministic continuation > rejects coercible arrays where a V2 identity enum string is required
 FAIL  src/services/saveService.test.ts > versioned saves and deterministic continuation > rejects coercible arrays where a V2 trait enum string is required
 FAIL  src/services/saveService.test.ts > versioned saves and deterministic continuation > rejects coercible arrays where a V2 career enum string is required
AssertionError: expected [Function] to throw an error

- Expected:
null

+ Received:
undefined

 ❯ src/services/saveService.test.ts:23:52
     21|     if (kind === 'trait') npcLife.traits[0] = [npcLife.traits[0]]
     22|     if (kind === 'career') npcLife.career = ['resident']
     23|     expect(() => deserialize(JSON.stringify(raw))).toThrow('原始存檔已保留')
       |                                                    ^
     24|   })
     25|   it('validates a complete V1 world before migration and preserves eve…

⎯⎯⎯⎯⎯⎯⎯⎯⎯⎯⎯⎯⎯⎯⎯⎯⎯⎯⎯⎯⎯⎯⎯⎯[1/5]⎯

 FAIL  src/services/saveService.test.ts > versioned saves and deterministic continuation > validates a complete V1 world before migration and preserves every legacy world field and RNG
Error: 存檔資料不完整。原始存檔已保留，請確認後重建世界。
 ❯ deserialize src/services/saveService.ts:256:41
    254|   const { lastSavedAt, ...stateData } = value
    255|   if (value.saveVersion === 1) {
    256|     if (!validBase(stateData, 1)) throw new Error('存檔資料不完整。原始存檔已保留，請確認…
       |                                         ^
    257|     const state = stateData as unknown as GameState
    258|     // initializeLife uses a dedicated stream and must not consume the…
 ❯ src/services/saveService.test.ts:31:20

⎯⎯⎯⎯⎯⎯⎯⎯⎯⎯⎯⎯⎯⎯⎯⎯⎯⎯⎯⎯⎯⎯⎯⎯[2/5]⎯


 Test Files  1 failed (1)
      Tests  5 failed | 69 skipped (74)
   Start at  22:45:05
   Duration  422ms (transform 195ms, setup 0ms, import 229ms, tests 35ms, environment 0ms)

npm notice
npm notice New major version of npm available! 11.9.0 -> 12.2.0
npm notice Changelog: https://github.com/npm/cli/releases/tag/v12.2.0
npm notice To update run: npm install -g npm@12.2.0
npm notice
