
 RUN  v4.1.11 /workspace/plw-rpg

 ❯ src/presentation/worldProjection.test.ts (3 tests | 2 failed) 14ms
     × exposes display fields without character inventories or simulation counters 10ms
     × never projects NPC names or markers through undiscovered tiles 1ms

⎯⎯⎯⎯⎯⎯⎯ Failed Tests 2 ⎯⎯⎯⎯⎯⎯⎯

 FAIL  src/presentation/worldProjection.test.ts > world projection boundary > exposes display fields without character inventories or simulation counters
AssertionError: expected [] to have a length of 384 but got +0

- Expected
+ Received

- 384
+ 0

 ❯ src/presentation/worldProjection.test.ts:10:19
      8|     const state = createGame(17), before = JSON.stringify(state)
      9|     const cells = projectWorld(state)
     10|     expect(cells).toHaveLength(384)
       |                   ^
     11|     expect(JSON.stringify(state)).toBe(before)
     12|     const people = cells.flatMap(cell => cell.people)

⎯⎯⎯⎯⎯⎯⎯⎯⎯⎯⎯⎯⎯⎯⎯⎯⎯⎯⎯⎯⎯⎯⎯⎯[1/2]⎯

 FAIL  src/presentation/worldProjection.test.ts > world projection boundary > never projects NPC names or markers through undiscovered tiles
TypeError: Cannot read properties of undefined (reading 'people')
 ❯ src/presentation/worldProjection.test.ts:21:17
     19|     n.position = { x: 20, y: 2 }
     20|     const cell = projectWorld(state).find(c => c.key === '20,2')!
     21|     expect(cell.people).toEqual([])
       |                 ^
     22|     expect(cell.icon).toBe('░')
     23|     expect(cell.label).not.toContain(n.name)

⎯⎯⎯⎯⎯⎯⎯⎯⎯⎯⎯⎯⎯⎯⎯⎯⎯⎯⎯⎯⎯⎯⎯⎯[2/2]⎯


 Test Files  1 failed (1)
      Tests  2 failed | 1 passed (3)
   Start at  14:15:49
   Duration  225ms (transform 81ms, setup 0ms, import 100ms, tests 14ms, environment 0ms)

npm notice
npm notice New major version of npm available! 11.9.0 -> 12.2.0
npm notice Changelog: https://github.com/npm/cli/releases/tag/v12.2.0
npm notice To update run: npm install -g npm@12.2.0
npm notice
