
 RUN  v4.1.11 /workspace/plw-rpg

 ❯ reports/v2/20261006-reward-core/phase-04/combat_simulation.test.ts (1 test | 1 failed) 8289ms
   × compares public wolf combat with generation-profile and canonical boss gear under exact replay 8288ms

⎯⎯⎯⎯⎯⎯⎯⎯⎯⎯⎯⎯⎯⎯⎯⎯⎯⎯⎯⎯ Failed Tests ⎯⎯⎯⎯⎯⎯⎯⎯⎯⎯⎯⎯⎯⎯⎯⎯⎯⎯⎯

 FAIL  reports/v2/20261006-reward-core/phase-04/combat_simulation.test.ts > compares public wolf combat with generation-profile and canonical boss gear under exact replay
AssertionError: expected 6 to be 5 // Object.is equality

- Expected
+ Received

- 5
+ 6

 ❯ setup reports/v2/20261006-reward-core/phase-04/combat_simulation.test.ts:148:35
    146|   if (powerband === 'ready') {
    147|     expect(c.level).toBe(5)
    148|     expect(c.skills.combat.level).toBe(5)
       |                                   ^
    149|   }
    150|   equipBuild(state, seed, powerband, build)

 Test Files  1 failed | 1 passed (2)
      Tests  1 failed | 1 passed (2)
   Start at  12:25:18
   Duration  8.75s (transform 260ms, setup 0ms, import 324ms, tests 8.29s, environment 0ms)

