
> plw-rpg@0.1.0 check
> npm run test && npm run build


> plw-rpg@0.1.0 test
> vitest run


 RUN  v4.1.11 /workspace/plw-rpg


 Test Files  20 passed (20)
      Tests  341 passed (341)
   Start at  02:27:05
   Duration  8.26s (transform 862ms, setup 0ms, import 1.59s, tests 15.77s, environment 7ms)


> plw-rpg@0.1.0 build
> vue-tsc --noEmit && vite build

vite v7.3.6 building client environment for production...
transforming...
✓ 79 modules transformed.
rendering chunks...
computing gzip size...
dist/index.html                   0.45 kB │ gzip:  0.31 kB
dist/assets/index-C0v29Gh8.css   28.15 kB │ gzip:  6.25 kB
dist/assets/index-DN_SgPWE.js   270.57 kB │ gzip: 97.50 kB
✓ built in 1.47s
