
> plw-rpg@0.1.0 check
> npm run test && npm run build


> plw-rpg@0.1.0 test
> vitest run


 RUN  v4.1.11 /workspace/plw-rpg


 Test Files  22 passed (22)
      Tests  420 passed (420)
   Start at  05:02:02
   Duration  8.24s (transform 946ms, setup 0ms, import 1.81s, tests 16.50s, environment 8ms)


> plw-rpg@0.1.0 build
> vue-tsc --noEmit && vite build

vite v7.3.6 building client environment for production...
transforming...
✓ 81 modules transformed.
rendering chunks...
computing gzip size...
dist/index.html                   0.45 kB │ gzip:   0.31 kB
dist/assets/index-N61qMvza.css   29.77 kB │ gzip:   6.54 kB
dist/assets/index-Cw3Pzoa_.js   295.76 kB │ gzip: 105.72 kB
✓ built in 1.45s
