
> plw-rpg@0.1.0 check
> npm run test && npm run build


> plw-rpg@0.1.0 test
> vitest run


 RUN  v4.1.11 /workspace/plw-rpg


 Test Files  20 passed (20)
      Tests  330 passed (330)
   Start at  13:17:25
   Duration  8.58s (transform 896ms, setup 0ms, import 1.76s, tests 17.20s, environment 8ms)


> plw-rpg@0.1.0 build
> vue-tsc --noEmit && vite build

vite v7.3.6 building client environment for production...
transforming...
✓ 78 modules transformed.
rendering chunks...
computing gzip size...
dist/index.html                   0.45 kB │ gzip:  0.31 kB
dist/assets/index-C0v29Gh8.css   28.15 kB │ gzip:  6.25 kB
dist/assets/index-C0L41TOB.js   267.87 kB │ gzip: 96.60 kB
✓ built in 1.72s
